Component: Arm Compiler for Embedded 6.19 Tool: armlink [5e73cb00]

==============================================================================

Section Cross References

    startup_stm32g030xx.o(STACK) refers (Special) to heapauxi.o(.text) for __use_two_region_memory
    startup_stm32g030xx.o(HEAP) refers (Special) to heapauxi.o(.text) for __use_two_region_memory
    startup_stm32g030xx.o(RESET) refers (Special) to heapauxi.o(.text) for __use_two_region_memory
    startup_stm32g030xx.o(RESET) refers to startup_stm32g030xx.o(STACK) for __initial_sp
    startup_stm32g030xx.o(RESET) refers to startup_stm32g030xx.o(.text) for Reset_Handler
    startup_stm32g030xx.o(RESET) refers to stm32g0xx_it.o(.text.NMI_Handler) for NMI_Handler
    startup_stm32g030xx.o(RESET) refers to stm32g0xx_it.o(.text.HardFault_Handler) for HardFault_Handler
    startup_stm32g030xx.o(RESET) refers to stm32g0xx_it.o(.text.SVC_Handler) for SVC_Handler
    startup_stm32g030xx.o(RESET) refers to stm32g0xx_it.o(.text.PendSV_Handler) for PendSV_Handler
    startup_stm32g030xx.o(RESET) refers to stm32g0xx_it.o(.text.SysTick_Handler) for SysTick_Handler
    startup_stm32g030xx.o(.text) refers (Special) to heapauxi.o(.text) for __use_two_region_memory
    startup_stm32g030xx.o(.text) refers to system_stm32g0xx.o(.text.SystemInit) for SystemInit
    startup_stm32g030xx.o(.text) refers to __main.o(!!!main) for __main
    startup_stm32g030xx.o(.text) refers to startup_stm32g030xx.o(HEAP) for Heap_Mem
    startup_stm32g030xx.o(.text) refers to startup_stm32g030xx.o(STACK) for Stack_Mem
    main.o(.text.main) refers to stm32g0xx_hal.o(.text.HAL_Init) for HAL_Init
    main.o(.text.main) refers to stm32g0xx_hal_pwr_ex.o(.text.HAL_PWREx_ControlVoltageScaling) for HAL_PWREx_ControlVoltageScaling
    main.o(.text.main) refers to stm32g0xx_hal_rcc.o(.text.HAL_RCC_OscConfig) for HAL_RCC_OscConfig
    main.o(.text.main) refers to stm32g0xx_hal_rcc.o(.text.HAL_RCC_ClockConfig) for HAL_RCC_ClockConfig
    main.o(.text.main) refers to gpio.o(.text.MX_GPIO_Init) for MX_GPIO_Init
    main.o(.text.main) refers to i2c.o(.text.MX_I2C1_Init) for MX_I2C1_Init
    main.o(.text.main) refers to usart.o(.text.MX_USART2_UART_Init) for MX_USART2_UART_Init
    main.o(.text.main) refers to oled.o(.text.OLED_Init) for OLED_Init
    main.o(.text.main) refers to screen.o(.text.Demo_01) for Demo_01
    main.o(.ARM.exidx.text.main) refers to main.o(.text.main) for [Anonymous Symbol]
    main.o(.text.SystemClock_Config) refers to stm32g0xx_hal_pwr_ex.o(.text.HAL_PWREx_ControlVoltageScaling) for HAL_PWREx_ControlVoltageScaling
    main.o(.text.SystemClock_Config) refers to stm32g0xx_hal_rcc.o(.text.HAL_RCC_OscConfig) for HAL_RCC_OscConfig
    main.o(.text.SystemClock_Config) refers to stm32g0xx_hal_rcc.o(.text.HAL_RCC_ClockConfig) for HAL_RCC_ClockConfig
    main.o(.ARM.exidx.text.SystemClock_Config) refers to main.o(.text.SystemClock_Config) for [Anonymous Symbol]
    main.o(.ARM.exidx.text.Error_Handler) refers to main.o(.text.Error_Handler) for [Anonymous Symbol]
    gpio.o(.text.MX_GPIO_Init) refers to stm32g0xx_hal_gpio.o(.text.HAL_GPIO_WritePin) for HAL_GPIO_WritePin
    gpio.o(.text.MX_GPIO_Init) refers to stm32g0xx_hal_gpio.o(.text.HAL_GPIO_Init) for HAL_GPIO_Init
    gpio.o(.ARM.exidx.text.MX_GPIO_Init) refers to gpio.o(.text.MX_GPIO_Init) for [Anonymous Symbol]
    i2c.o(.text.MX_I2C1_Init) refers to stm32g0xx_hal_i2c.o(.text.HAL_I2C_Init) for HAL_I2C_Init
    i2c.o(.text.MX_I2C1_Init) refers to main.o(.text.Error_Handler) for Error_Handler
    i2c.o(.text.MX_I2C1_Init) refers to stm32g0xx_hal_i2c_ex.o(.text.HAL_I2CEx_ConfigAnalogFilter) for HAL_I2CEx_ConfigAnalogFilter
    i2c.o(.text.MX_I2C1_Init) refers to stm32g0xx_hal_i2c_ex.o(.text.HAL_I2CEx_ConfigDigitalFilter) for HAL_I2CEx_ConfigDigitalFilter
    i2c.o(.text.MX_I2C1_Init) refers to i2c.o(.bss.hi2c1) for hi2c1
    i2c.o(.ARM.exidx.text.MX_I2C1_Init) refers to i2c.o(.text.MX_I2C1_Init) for [Anonymous Symbol]
    i2c.o(.text.HAL_I2C_MspInit) refers to stm32g0xx_hal_rcc_ex.o(.text.HAL_RCCEx_PeriphCLKConfig) for HAL_RCCEx_PeriphCLKConfig
    i2c.o(.text.HAL_I2C_MspInit) refers to main.o(.text.Error_Handler) for Error_Handler
    i2c.o(.text.HAL_I2C_MspInit) refers to stm32g0xx_hal_gpio.o(.text.HAL_GPIO_Init) for HAL_GPIO_Init
    i2c.o(.ARM.exidx.text.HAL_I2C_MspInit) refers to i2c.o(.text.HAL_I2C_MspInit) for [Anonymous Symbol]
    i2c.o(.text.HAL_I2C_MspDeInit) refers to stm32g0xx_hal_gpio.o(.text.HAL_GPIO_DeInit) for HAL_GPIO_DeInit
    i2c.o(.ARM.exidx.text.HAL_I2C_MspDeInit) refers to i2c.o(.text.HAL_I2C_MspDeInit) for [Anonymous Symbol]
    usart.o(.text.MX_USART2_UART_Init) refers to stm32g0xx_hal_uart.o(.text.HAL_UART_Init) for HAL_UART_Init
    usart.o(.text.MX_USART2_UART_Init) refers to main.o(.text.Error_Handler) for Error_Handler
    usart.o(.text.MX_USART2_UART_Init) refers to usart.o(.bss.huart2) for huart2
[...]
    ../clib/stdlib.c                         0x00000000   Number         0  rand.o ABSOLUTE
    ../clib/stdlib.c                         0x00000000   Number         0  rand.o ABSOLUTE
    ../clib/stdlib.c                         0x00000000   Number         0  exit.o ABSOLUTE
    ../fplib/cfplib/cmp.c                    0x00000000   Number         0  dcmp.o ABSOLUTE
    ../fplib/cfplib/cmp.c                    0x00000000   Number         0  fcmp.o ABSOLUTE
    ../fplib/cfplib/cmpret.c                 0x00000000   Number         0  cmpret.o ABSOLUTE
    ../fplib/cfplib/d2f.c                    0x00000000   Number         0  d2f.o ABSOLUTE
    ../fplib/cfplib/daddsub.c                0x00000000   Number         0  daddsub.o ABSOLUTE
    ../fplib/cfplib/dcmpin.c                 0x00000000   Number         0  dcmpin.o ABSOLUTE
    ../fplib/cfplib/ddiv.c                   0x00000000   Number         0  ddiv.o ABSOLUTE
    ../fplib/cfplib/dmul.c                   0x00000000   Number         0  dmul.o ABSOLUTE
    ../fplib/cfplib/f2d.c                    0x00000000   Number         0  f2d.o ABSOLUTE
    ../fplib/cfplib/fcmpin.c                 0x00000000   Number         0  fcmpin.o ABSOLUTE
    ../fplib/cfplib/ffix.c                   0x00000000   Number         0  dfixi.o ABSOLUTE
    ../fplib/cfplib/ffix.c                   0x00000000   Number         0  ffixi.o ABSOLUTE
    ../fplib/cfplib/fflt.c                   0x00000000   Number         0  dflti.o ABSOLUTE
    ../fplib/cfplib/fflt.c                   0x00000000   Number         0  fflti.o ABSOLUTE
    ../fplib/cfplib/fpinit.c                 0x00000000   Number         0  fpinit.o ABSOLUTE
    ../fplib/cfplib/nan2.c                   0x00000000   Number         0  dnan2.o ABSOLUTE
    ../fplib/cfplib/nan2.c                   0x00000000   Number         0  fnan2.o ABSOLUTE
    ../fplib/cfplib/retnan.c                 0x00000000   Number         0  retnan.o ABSOLUTE
    ../fplib/cfplib/scalbn.c                 0x00000000   Number         0  dscalbn.o ABSOLUTE
    ../fplib/deqf6m.s                        0x00000000   Number         0  deqf.o ABSOLUTE
    ../fplib/dgeqf6m.s                       0x00000000   Number         0  dgef.o ABSOLUTE
    ../fplib/dleqf6m.s                       0x00000000   Number         0  dlef.o ABSOLUTE
    ../fplib/faddsub6m.s                     0x00000000   Number         0  faddsub.o ABSOLUTE
    ../fplib/feqf6m.s                        0x00000000   Number         0  feqf.o ABSOLUTE
    ../fplib/fgeqf6m.s                       0x00000000   Number         0  fgef.o ABSOLUTE
    ../fplib/fleqf6m.s                       0x00000000   Number         0  flef.o ABSOLUTE
    ../fplib/fmul6m.s                        0x00000000   Number         0  fmul.o ABSOLUTE
    ../fplib/usenofp.s                       0x00000000   Number         0  usenofp.o ABSOLUTE
    ../mathlib/cos.c                         0x00000000   Number         0  cos.o ABSOLUTE
    ../mathlib/cos_i.c                       0x00000000   Number         0  cos_i.o ABSOLUTE
    ../mathlib/dunder.c                      0x00000000   Number         0  dunder.o ABSOLUTE
    ../mathlib/fpclassify.c                  0x00000000   Number         0  fpclassify.o ABSOLUTE
    ../mathlib/poly.c                        0x00000000   Number         0  poly.o ABSOLUTE
    ../mathlib/rred.c                        0x00000000   Number         0  rred.o ABSOLUTE
    ../mathlib/sin.c                         0x00000000   Number         0  sin.o ABSOLUTE
    ../mathlib/sin_i.c                       0x00000000   Number         0  sin_i.o ABSOLUTE
    OLED.c                                   0x00000000   Number         0  oled.o ABSOLUTE
    dc.s                                     0x00000000   Number         0  dc.o ABSOLUTE
    device.c                                 0x00000000   Number         0  device.o ABSOLUTE
    gpio.c                                   0x00000000   Number         0  gpio.o ABSOLUTE
    i2c.c                                    0x00000000   Number         0  i2c.o ABSOLUTE
    main.c                                   0x00000000   Number         0  main.o ABSOLUTE
    print.c                                  0x00000000   Number         0  print.o ABSOLUTE
    screen.c                                 0x00000000   Number         0  screen.o ABSOLUTE
    startup_stm32g030xx.s                    0x00000000   Number         0  startup_stm32g030xx.o ABSOLUTE
    stm32g0xx_hal.c                          0x00000000   Number         0  stm32g0xx_hal.o ABSOLUTE
    stm32g0xx_hal_cortex.c                   0x00000000   Number         0  stm32g0xx_hal_cortex.o ABSOLUTE
    stm32g0xx_hal_dma.c                      0x00000000   Number         0  stm32g0xx_hal_dma.o ABSOLUTE
    stm32g0xx_hal_dma_ex.c                   0x00000000   Number         0  stm32g0xx_hal_dma_ex.o ABSOLUTE
    stm32g0xx_hal_exti.c                     0x00000000   Number         0  stm32g0xx_hal_exti.o ABSOLUTE
    stm32g0xx_hal_flash.c                    0x00000000   Number         0  stm32g0xx_hal_flash.o ABSOLUTE
    stm32g0xx_hal_flash_ex.c                 0x00000000   Number         0  stm32g0xx_hal_flash_ex.o ABSOLUTE
    stm32g0xx_hal_gpio.c                     0x00000000   Number         0  stm32g0xx_hal_gpio.o ABSOLUTE
    stm32g0xx_hal_i2c.c                      0x00000000   Number         0  stm32g0xx_hal_i2c.o ABSOLUTE
    stm32g0xx_hal_i2c_ex.c                   0x00000000   Number         0  stm32g0xx_hal_i2c_ex.o ABSOLUTE
    stm32g0xx_hal_msp.c                      0x00000000   Number         0  stm32g0xx_hal_msp.o ABSOLUTE
    stm32g0xx_hal_pwr.c                      0x00000000   Number         0  stm32g0xx_hal_pwr.o ABSOLUTE
    stm32g0xx_hal_pwr_ex.c                   0x00000000   Number         0  stm32g0xx_hal_pwr_ex.o ABSOLUTE
    stm32g0xx_hal_rcc.c                      0x00000000   Number         0  stm32g0xx_hal_rcc.o ABSOLUTE
    stm32g0xx_hal_rcc_ex.c                   0x00000000   Number         0  stm32g0xx_hal_rcc_ex.o ABSOLUTE
    stm32g0xx_hal_tim.c                      0x00000000   Number         0  stm32g0xx_hal_tim.o ABSOLUTE
    stm32g0xx_hal_tim_ex.c                   0x00000000   Number         0  stm32g0xx_hal_tim_ex.o ABSOLUTE
    stm32g0xx_hal_uart.c                     0x00000000   Number         0  stm32g0xx_hal_uart.o ABSOLUTE
    stm32g0xx_hal_uart_ex.c                  0x00000000   Number         0  stm32g0xx_hal_uart_ex.o ABSOLUTE
    stm32g0xx_it.c                           0x00000000   Number         0  stm32g0xx_it.o ABSOLUTE
    stm32g0xx_ll_dma.c                       0x00000000   Number         0  stm32g0xx_ll_dma.o ABSOLUTE
    stm32g0xx_ll_rcc.c                       0x00000000   Number         0  stm32g0xx_ll_rcc.o ABSOLUTE
    system_stm32g0xx.c                       0x00000000   Number         0  system_stm32g0xx.o ABSOLUTE
    usart.c                                  0x00000000   Number         0  usart.o ABSOLUTE
    RESET                                    0x08000000   Section      192  startup_stm32g030xx.o(RESET)
    !!!main                                  0x080000c0   Section        8  __main.o(!!!main)
    !!!scatter                               0x080000c8   Section       60  __scatter.o(!!!scatter)
    !!handler_copy                           0x08000104   Section       26  __scatter_copy.o(!!handler_copy)
    !!handler_zi                             0x08000120   Section       28  __scatter_zi.o(!!handler_zi)
    .ARM.Collect$$libinit$$00000000          0x0800013c   Section        2  libinit.o(.ARM.Collect$$libinit$$00000000)
    .ARM.Collect$$libinit$$00000002          0x0800013e   Section        0  libinit2.o(.ARM.Collect$$libinit$$00000002)
    .ARM.Collect$$libinit$$00000004          0x0800013e   Section        0  libinit2.o(.ARM.Collect$$libinit$$00000004)
    .ARM.Collect$$libinit$$00000006          0x0800013e   Section        0  libinit2.o(.ARM.Collect$$libinit$$00000006)
    .ARM.Collect$$libinit$$0000000C          0x0800013e   Section        0  libinit2.o(.ARM.Collect$$libinit$$0000000C)
    .ARM.Collect$$libinit$$0000000E          0x0800013e   Section        0  libinit2.o(.ARM.Collect$$libinit$$0000000E)
    .ARM.Collect$$libinit$$00000010          0x0800013e   Section        0  libinit2.o(.ARM.Collect$$libinit$$00000010)
    .ARM.Collect$$libinit$$00000013          0x0800013e   Section        0  libinit2.o(.ARM.Collect$$libinit$$00000013)
    .ARM.Collect$$libinit$$00000015          0x0800013e   Section        0  libinit2.o(.ARM.Collect$$libinit$$00000015)
    .ARM.Collect$$libinit$$00000017          0x0800013e   Section        0  libinit2.o(.ARM.Collect$$libinit$$00000017)
    .ARM.Collect$$libinit$$00000019          0x0800013e   Section        0  libinit2.o(.ARM.Collect$$libinit$$00000019)
    .ARM.Collect$$libinit$$0000001B          0x0800013e   Section        0  libinit2.o(.ARM.Collect$$libinit$$0000001B)
    .ARM.Collect$$libinit$$0000001D          0x0800013e   Section        0  libinit2.o(.ARM.Collect$$libinit$$0000001D)
    .ARM.Collect$$libinit$$0000001F          0x0800013e   Section        0  libinit2.o(.ARM.Collect$$libinit$$0000001F)
    .ARM.Collect$$libinit$$00000021          0x0800013e   Section        0  libinit2.o(.ARM.Collect$$libinit$$00000021)
    .ARM.Collect$$libinit$$00000023          0x0800013e   Section        0  libinit2.o(.ARM.Collect$$libinit$$00000023)
    .ARM.Collect$$libinit$$00000025          0x0800013e   Section        0  libinit2.o(.ARM.Collect$$libinit$$00000025)
    .ARM.Collect$$libinit$$00000027          0x0800013e   Section        0  libinit2.o(.ARM.Collect$$libinit$$00000027)
    .ARM.Collect$$libinit$$0000002E          0x0800013e   Section        0  libinit2.o(.ARM.Collect$$libinit$$0000002E)
    .ARM.Collect$$libinit$$00000030          0x0800013e   Section        0  libinit2.o(.ARM.Collect$$libinit$$00000030)
    .ARM.Collect$$libinit$$00000032          0x0800013e   Section        0  libinit2.o(.ARM.Collect$$libinit$$00000032)
    .ARM.Collect$$libinit$$00000034          0x0800013e   Section        0  libinit2.o(.ARM.Collect$$libinit$$00000034)
    .ARM.Collect$$libinit$$00000035          0x0800013e   Section        2  libinit2.o(.ARM.Collect$$libinit$$00000035)
    .ARM.Collect$$libshutdown$$00000000      0x08000140   Section        2  libshutdown.o(.ARM.Collect$$libshutdown$$00000000)
    .ARM.Collect$$libshutdown$$00000002      0x08000142   Section        0  libshutdown2.o(.ARM.Collect$$libshutdown$$00000002)
    .ARM.Collect$$libshutdown$$00000004      0x08000142   Section        0  libshutdown2.o(.ARM.Collect$$libshutdown$$00000004)
    .ARM.Collect$$libshutdown$$00000007      0x08000142   Section        0  libshutdown2.o(.ARM.Collect$$libshutdown$$00000007)
    .ARM.Collect$$libshutdown$$0000000A      0x08000142   Section        0  libshutdown2.o(.ARM.Collect$$libshutdown$$0000000A)
    .ARM.Collect$$libshutdown$$0000000C      0x08000142   Section        0  libshutdown2.o(.ARM.Collect$$libshutdown$$0000000C)
    .ARM.Collect$$libshutdown$$0000000F      0x08000142   Section        0  libshutdown2.o(.ARM.Collect$$libshutdown$$0000000F)
    .ARM.Collect$$libshutdown$$00000010      0x08000142   Section        2  libshutdown2.o(.ARM.Collect$$libshutdown$$00000010)
    .ARM.Collect$$rtentry$$00000000          0x08000144   Section        0  __rtentry.o(.ARM.Collect$$rtentry$$00000000)
    .ARM.Collect$$rtentry$$00000002          0x08000144   Section        0  __rtentry2.o(.ARM.Collect$$rtentry$$00000002)
    .ARM.Collect$$rtentry$$00000004          0x08000144   Section        6  __rtentry4.o(.ARM.Collect$$rtentry$$00000004)
    .ARM.Collect$$rtentry$$00000009          0x0800014a   Section        0  __rtentry2.o(.ARM.Collect$$rtentry$$00000009)
    .ARM.Collect$$rtentry$$0000000A          0x0800014a   Section        4  __rtentry2.o(.ARM.Collect$$rtentry$$0000000A)
    .ARM.Collect$$rtentry$$0000000C          0x0800014e   Section        0  __rtentry2.o(.ARM.Collect$$rtentry$$0000000C)
    .ARM.Collect$$rtentry$$0000000D          0x0800014e   Section        8  __rtentry2.o(.ARM.Collect$$rtentry$$0000000D)
    .ARM.Collect$$rtexit$$00000000           0x08000156   Section        2  rtexit.o(.ARM.Collect$$rtexit$$00000000)
    .ARM.Collect$$rtexit$$00000002           0x08000158   Section        0  rtexit2.o(.ARM.Collect$$rtexit$$00000002)
    .ARM.Collect$$rtexit$$00000003           0x08000158   Section        4  rtexit2.o(.ARM.Collect$$rtexit$$00000003)
    .ARM.Collect$$rtexit$$00000004           0x0800015c   Section        6  rtexit2.o(.ARM.Collect$$rtexit$$00000004)
    .text                                    0x08000164   Section       56  startup_stm32g030xx.o(.text)
    .text                                    0x0800019c   Section        2  use_no_semi_2.o(.text)
    .text                                    0x0800019e   Section        0  rt_memclr.o(.text)
    .text                                    0x080001de   Section        0  heapauxi.o(.text)
    .text                                    0x080001e4   Section        0  d2f.o(.text)
    _dadd1                                   0x08000261   Thumb Code   290  daddsub.o(.text)
    .text                                    0x08000260   Section        0  daddsub.o(.text)
    _dsub1                                   0x08000383   Thumb Code   470  daddsub.o(.text)
    .text                                    0x080005b8   Section        0  ddiv.o(.text)
    .text                                    0x08000a00   Section        0  dfixi.o(.text)
    .text                                    0x08000a6c   Section        0  dflti.o(.text)
    .text                                    0x08000ac4   Section        0  dmul.o(.text)
    .text                                    0x08000d0c   Section        0  f2d.o(.text)
    .text                                    0x08000d60   Section        0  ffixi.o(.text)
    .text                                    0x08000dac   Section        0  fflti.o(.text)
    .text                                    0x08000e0a   Section        2  use_no_semi.o(.text)
    .text                                    0x08000e0c   Section        0  _rserrno.o(.text)
    .text                                    0x08000e24   Section        8  rt_errno_addr_intlibspace.o(.text)
    .text                                    0x08000e2c   Section        0  dcmpin.o(.text)
    .text                                    0x08000ecc   Section        0  dscalbn.o(.text)
    .text                                    0x08000f2c   Section        0  fcmpin.o(.text)
    .text                                    0x08000f90   Section        8  libspace.o(.text)
    .text                                    0x08000f98   Section       62  sys_stackheap_outer.o(.text)
    .text                                    0x08000fd6   Section        0  exit.o(.text)
    .text                                    0x08000fe6   Section        0  cmpret.o(.text)
    .text                                    0x08001014   Section        0  dnan2.o(.text)
    .text                                    0x08001028   Section        0  fnan2.o(.text)
    .text                                    0x08001038   Section        0  retnan.o(.text)
    [Anonymous Symbol]                       0x08001096   Section        0  screen.o(.text.Demo_01)
    [Anonymous Symbol]                       0x08001228   Section        0  main.o(.text.Error_Handler)
    [Anonymous Symbol]                       0x08001230   Section        0  stm32g0xx_hal_gpio.o(.text.HAL_GPIO_Init)
    __arm_cp.0_0                             0x080013c0   Number         4  stm32g0xx_hal_gpio.o(.text.HAL_GPIO_Init)
    __arm_cp.0_1                             0x080013c4   Number         4  stm32g0xx_hal_gpio.o(.text.HAL_GPIO_Init)
    __arm_cp.0_2                             0x080013c8   Number         4  stm32g0xx_hal_gpio.o(.text.HAL_GPIO_Init)
    __arm_cp.0_3                             0x080013cc   Number         4  stm32g0xx_hal_gpio.o(.text.HAL_GPIO_Init)
    __arm_cp.0_4                             0x080013d0   Number         4  stm32g0xx_hal_gpio.o(.text.HAL_GPIO_Init)
    [Anonymous Symbol]                       0x080013d4   Section        0  stm32g0xx_hal_gpio.o(.text.HAL_GPIO_WritePin)
    [Anonymous Symbol]                       0x080013e4   Section        0  stm32g0xx_hal.o(.text.HAL_GetTick)
    __arm_cp.6_0                             0x080013ec   Number         4  stm32g0xx_hal.o(.text.HAL_GetTick)
    [Anonymous Symbol]                       0x080013f0   Section        0  stm32g0xx_hal_i2c_ex.o(.text.HAL_I2CEx_ConfigAnalogFilter)
    [Anonymous Symbol]                       0x08001432   Section        0  stm32g0xx_hal_i2c_ex.o(.text.HAL_I2CEx_ConfigDigitalFilter)
    [Anonymous Symbol]                       0x08001474   Section        0  stm32g0xx_hal_i2c.o(.text.HAL_I2C_Init)
    __arm_cp.0_0                             0x08001514   Number         4  stm32g0xx_hal_i2c.o(.text.HAL_I2C_Init)
    __arm_cp.0_1                             0x08001518   Number         4  stm32g0xx_hal_i2c.o(.text.HAL_I2C_Init)
    [Anonymous Symbol]                       0x0800151c   Section        0  stm32g0xx_hal_i2c.o(.text.HAL_I2C_Mem_Write)
    __arm_cp.29_0                            0x080017a0   Number         4  stm32g0xx_hal_i2c.o(.text.HAL_I2C_Mem_Write)
    __arm_cp.29_1                            0x080017a4   Number         4  stm32g0xx_hal_i2c.o(.text.HAL_I2C_Mem_Write)
    __arm_cp.29_2                            0x080017a8   Number         4  stm32g0xx_hal_i2c.o(.text.HAL_I2C_Mem_Write)
    __arm_cp.29_3                            0x080017ac   Number         4  stm32g0xx_hal_i2c.o(.text.HAL_I2C_Mem_Write)
    __arm_cp.29_4                            0x080017b0   Number         4  stm32g0xx_hal_i2c.o(.text.HAL_I2C_Mem_Write)
    __arm_cp.29_5                            0x080017b4   Number         4  stm32g0xx_hal_i2c.o(.text.HAL_I2C_Mem_Write)
    [Anonymous Symbol]                       0x080017b8   Section        0  i2c.o(.text.HAL_I2C_MspInit)
    __arm_cp.1_0                             0x08001828   Number         4  i2c.o(.text.HAL_I2C_MspInit)
    __arm_cp.1_1                             0x0800182c   Number         4  i2c.o(.text.HAL_I2C_MspInit)
    __arm_cp.1_2                             0x08001830   Number         4  i2c.o(.text.HAL_I2C_MspInit)
    [Anonymous Symbol]                       0x08001834   Section        0  stm32g0xx_hal.o(.text.HAL_IncTick)
    __arm_cp.5_1                             0x08001844   Number         4  stm32g0xx_hal.o(.text.HAL_IncTick)
    [Anonymous Symbol]                       0x08001848   Section        0  stm32g0xx_hal.o(.text.HAL_Init)
    __arm_cp.0_0                             0x08001870   Number         4  stm32g0xx_hal.o(.text.HAL_Init)
    [Anonymous Symbol]                       0x08001874   Section        0  stm32g0xx_hal.o(.text.HAL_InitTick)
    __arm_cp.1_0                             0x080018b4   Number         4  stm32g0xx_hal.o(.text.HAL_InitTick)
    [Anonymous Symbol]                       0x080018b8   Section        0  stm32g0xx_hal_msp.o(.text.HAL_MspInit)
    __arm_cp.0_0                             0x080018e0   Number         4  stm32g0xx_hal_msp.o(.text.HAL_MspInit)
    [Anonymous Symbol]                       0x080018e4   Section        0  stm32g0xx_hal_cortex.o(.text.HAL_NVIC_SetPriority)
    __arm_cp.0_0                             0x08001914   Number         4  stm32g0xx_hal_cortex.o(.text.HAL_NVIC_SetPriority)
    __arm_cp.0_1                             0x08001918   Number         4  stm32g0xx_hal_cortex.o(.text.HAL_NVIC_SetPriority)
    [Anonymous Symbol]                       0x0800191c   Section        0  stm32g0xx_hal_pwr_ex.o(.text.HAL_PWREx_ControlVoltageScaling)
    __arm_cp.13_0                            0x08001990   Number         4  stm32g0xx_hal_pwr_ex.o(.text.HAL_PWREx_ControlVoltageScaling)
    __arm_cp.13_1                            0x08001994   Number         4  stm32g0xx_hal_pwr_ex.o(.text.HAL_PWREx_ControlVoltageScaling)
    __arm_cp.13_2                            0x08001998   Number         4  stm32g0xx_hal_pwr_ex.o(.text.HAL_PWREx_ControlVoltageScaling)
    [Anonymous Symbol]                       0x0800199c   Section        0  stm32g0xx_hal_rcc_ex.o(.text.HAL_RCCEx_PeriphCLKConfig)
    __arm_cp.0_0                             0x08001b08   Number         4  stm32g0xx_hal_rcc_ex.o(.text.HAL_RCCEx_PeriphCLKConfig)
    __arm_cp.0_1                             0x08001b0c   Number         4  stm32g0xx_hal_rcc_ex.o(.text.HAL_RCCEx_PeriphCLKConfig)
    __arm_cp.0_2                             0x08001b10   Number         4  stm32g0xx_hal_rcc_ex.o(.text.HAL_RCCEx_PeriphCLKConfig)
    __arm_cp.0_4                             0x08001b14   Number         4  stm32g0xx_hal_rcc_ex.o(.text.HAL_RCCEx_PeriphCLKConfig)
    [Anonymous Symbol]                       0x08001b18   Section        0  stm32g0xx_hal_rcc.o(.text.HAL_RCC_ClockConfig)
    __arm_cp.2_0                             0x08001d00   Number         4  stm32g0xx_hal_rcc.o(.text.HAL_RCC_ClockConfig)
    __arm_cp.2_1                             0x08001d04   Number         4  stm32g0xx_hal_rcc.o(.text.HAL_RCC_ClockConfig)
    __arm_cp.2_5                             0x08001d08   Number         4  stm32g0xx_hal_rcc.o(.text.HAL_RCC_ClockConfig)
    __arm_cp.2_6                             0x08001d0c   Number         4  stm32g0xx_hal_rcc.o(.text.HAL_RCC_ClockConfig)
    __arm_cp.2_7                             0x08001d10   Number         4  stm32g0xx_hal_rcc.o(.text.HAL_RCC_ClockConfig)
    [Anonymous Symbol]                       0x08001d14   Section        0  stm32g0xx_hal_rcc.o(.text.HAL_RCC_GetPCLK1Freq)
    __arm_cp.6_0                             0x08001d30   Number         4  stm32g0xx_hal_rcc.o(.text.HAL_RCC_GetPCLK1Freq)
    __arm_cp.6_2                             0x08001d34   Number         4  stm32g0xx_hal_rcc.o(.text.HAL_RCC_GetPCLK1Freq)
    [Anonymous Symbol]                       0x08001d38   Section        0  stm32g0xx_hal_rcc.o(.text.HAL_RCC_GetSysClockFreq)
    __arm_cp.3_0                             0x08001db4   Number         4  stm32g0xx_hal_rcc.o(.text.HAL_RCC_GetSysClockFreq)
    __arm_cp.3_1                             0x08001db8   Number         4  stm32g0xx_hal_rcc.o(.text.HAL_RCC_GetSysClockFreq)
    __arm_cp.3_2                             0x08001dbc   Number         4  stm32g0xx_hal_rcc.o(.text.HAL_RCC_GetSysClockFreq)
    [Anonymous Symbol]                       0x08001dc0   Section        0  stm32g0xx_hal_rcc.o(.text.HAL_RCC_OscConfig)
    __arm_cp.1_0                             0x080021bc   Number         4  stm32g0xx_hal_rcc.o(.text.HAL_RCC_OscConfig)
    __arm_cp.1_1                             0x080021c0   Number         4  stm32g0xx_hal_rcc.o(.text.HAL_RCC_OscConfig)
    __arm_cp.1_2                             0x080021c4   Number         4  stm32g0xx_hal_rcc.o(.text.HAL_RCC_OscConfig)
    __arm_cp.1_3                             0x080021c8   Number         4  stm32g0xx_hal_rcc.o(.text.HAL_RCC_OscConfig)
    __arm_cp.1_4                             0x080021cc   Number         4  stm32g0xx_hal_rcc.o(.text.HAL_RCC_OscConfig)
    __arm_cp.1_5                             0x080021d0   Number         4  stm32g0xx_hal_rcc.o(.text.HAL_RCC_OscConfig)
    __arm_cp.1_6                             0x080021d4   Number         4  stm32g0xx_hal_rcc.o(.text.HAL_RCC_OscConfig)
    __arm_cp.1_7                             0x080021d8   Number         4  stm32g0xx_hal_rcc.o(.text.HAL_RCC_OscConfig)
    [Anonymous Symbol]                       0x080021dc   Section        0  stm32g0xx_hal_cortex.o(.text.HAL_SYSTICK_Config)
    __arm_cp.4_0                             0x08002204   Number         4  stm32g0xx_hal_cortex.o(.text.HAL_SYSTICK_Config)
    __arm_cp.4_1                             0x08002208   Number         4  stm32g0xx_hal_cortex.o(.text.HAL_SYSTICK_Config)
    __arm_cp.4_2                             0x0800220c   Number         4  stm32g0xx_hal_cortex.o(.text.HAL_SYSTICK_Config)
    [Anonymous Symbol]                       0x08002210   Section        0  stm32g0xx_hal_uart.o(.text.HAL_UART_Init)
    __arm_cp.0_0                             0x080022dc   Number         4  stm32g0xx_hal_uart.o(.text.HAL_UART_Init)
    [Anonymous Symbol]                       0x080022e0   Section        0  usart.o(.text.HAL_UART_MspInit)
    [Anonymous Symbol]                       0x08002330   Section        0  stm32g0xx_it.o(.text.HardFault_Handler)
    I2C_IsErrorOccurred                      0x08002335   Thumb Code   380  stm32g0xx_hal_i2c.o(.text.I2C_IsErrorOccurred)
    [Anonymous Symbol]                       0x08002334   Section        0  stm32g0xx_hal_i2c.o(.text.I2C_IsErrorOccurred)
    __arm_cp.71_0                            0x080024b0   Number         4  stm32g0xx_hal_i2c.o(.text.I2C_IsErrorOccurred)
    I2C_WaitOnSTOPFlagUntilTimeout           0x080024b5   Thumb Code   104  stm32g0xx_hal_i2c.o(.text.I2C_WaitOnSTOPFlagUntilTimeout)
    [Anonymous Symbol]                       0x080024b4   Section        0  stm32g0xx_hal_i2c.o(.text.I2C_WaitOnSTOPFlagUntilTimeout)
    I2C_WaitOnTXISFlagUntilTimeout           0x0800251d   Thumb Code   146  stm32g0xx_hal_i2c.o(.text.I2C_WaitOnTXISFlagUntilTimeout)
    [Anonymous Symbol]                       0x0800251c   Section        0  stm32g0xx_hal_i2c.o(.text.I2C_WaitOnTXISFlagUntilTimeout)
    [Anonymous Symbol]                       0x080025b0   Section        0  gpio.o(.text.MX_GPIO_Init)
    __arm_cp.0_0                             0x080025fc   Number         4  gpio.o(.text.MX_GPIO_Init)
    __arm_cp.0_1                             0x08002600   Number         4  gpio.o(.text.MX_GPIO_Init)
    [Anonymous Symbol]                       0x08002604   Section        0  i2c.o(.text.MX_I2C1_Init)
    __arm_cp.0_0                             0x08002650   Number         4  i2c.o(.text.MX_I2C1_Init)
    __arm_cp.0_1                             0x08002654   Number         4  i2c.o(.text.MX_I2C1_Init)
    __arm_cp.0_2                             0x08002658   Number         4  i2c.o(.text.MX_I2C1_Init)
    [Anonymous Symbol]                       0x0800265c   Section        0  usart.o(.text.MX_USART2_UART_Init)
    __arm_cp.0_0                             0x08002690   Number         4  usart.o(.text.MX_USART2_UART_Init)
    __arm_cp.0_1                             0x08002694   Number         4  usart.o(.text.MX_USART2_UART_Init)
    [Anonymous Symbol]                       0x08002698   Section        0  stm32g0xx_it.o(.text.NMI_Handler)
    [Anonymous Symbol]                       0x0800269a   Section        0  oled.o(.text.OLED_DrawCube_Intelligent_Overflow)
    [Anonymous Symbol]                       0x0800280c   Section        0  oled.o(.text.OLED_DrawEllipse_Rotate)
    __arm_cp.30_0                            0x08002a28   Number         4  oled.o(.text.OLED_DrawEllipse_Rotate)
    __arm_cp.30_1                            0x08002a2c   Number         4  oled.o(.text.OLED_DrawEllipse_Rotate)
    __arm_cp.30_2                            0x08002a30   Number         4  oled.o(.text.OLED_DrawEllipse_Rotate)
    [Anonymous Symbol]                       0x08002a34   Section        0  oled.o(.text.OLED_DrawLine)
    __arm_cp.7_0                             0x08002dcc   Number         4  oled.o(.text.OLED_DrawLine)
    __arm_cp.7_1                             0x08002dd0   Number         4  oled.o(.text.OLED_DrawLine)
    [Anonymous Symbol]                       0x08002dd4   Section        0  oled.o(.text.OLED_Draw_4_Pixels_Rotate)
    __arm_cp.19_0                            0x08003030   Number         4  oled.o(.text.OLED_Draw_4_Pixels_Rotate)
    __arm_cp.19_1                            0x08003034   Number         4  oled.o(.text.OLED_Draw_4_Pixels_Rotate)
    __arm_cp.19_2                            0x08003038   Number         4  oled.o(.text.OLED_Draw_4_Pixels_Rotate)
    [Anonymous Symbol]                       0x0800303c   Section        0  oled.o(.text.OLED_Draw_4_Pixels_Spread_Out_From_Center)
    __arm_cp.21_0                            0x08003158   Number         4  oled.o(.text.OLED_Draw_4_Pixels_Spread_Out_From_Center)
    [Anonymous Symbol]                       0x0800315c   Section        0  oled.o(.text.OLED_Draw_8_Pixels_Rotate)
    __arm_cp.24_3                            0x08003524   Number         4  oled.o(.text.OLED_Draw_8_Pixels_Rotate)
    __arm_cp.24_4                            0x08003528   Number         4  oled.o(.text.OLED_Draw_8_Pixels_Rotate)
    __arm_cp.24_2                            0x080035a4   Number         4  oled.o(.text.OLED_Draw_8_Pixels_Rotate)
    [Anonymous Symbol]                       0x080035a8   Section        0  oled.o(.text.OLED_Draw_8_Pixels_Spread_Out_From_Center)
    __arm_cp.13_0                            0x08003808   Number         4  oled.o(.text.OLED_Draw_8_Pixels_Spread_Out_From_Center)
    [Anonymous Symbol]                       0x0800380c   Section        0  oled.o(.text.OLED_Draw_Rounded_Cube)
    [Anonymous Symbol]                       0x08003926   Section        0  oled.o(.text.OLED_Draw_Rounded_Cube_Erasure_Method)
    [Anonymous Symbol]                       0x08003ace   Section        0  oled.o(.text.OLED_Draw_Rounded_Cube_Fillet_Overflow)
    [Anonymous Symbol]                       0x08003c5c   Section        0  oled.o(.text.OLED_Draw_Two_Vertical_Ellipses_Rotate)
    __arm_cp.32_0                            0x08003e78   Number         4  oled.o(.text.OLED_Draw_Two_Vertical_Ellipses_Rotate)
    __arm_cp.32_1                            0x08003e7c   Number         4  oled.o(.text.OLED_Draw_Two_Vertical_Ellipses_Rotate)
    __arm_cp.32_2                            0x08003e80   Number         4  oled.o(.text.OLED_Draw_Two_Vertical_Ellipses_Rotate)
    [Anonymous Symbol]                       0x08003e84   Section        0  oled.o(.text.OLED_Init)
    [Anonymous Symbol]                       0x08004154   Section        0  oled.o(.text.OLED_Refresh_Gram)
    __arm_cp.1_0                             0x080041c4   Number         4  oled.o(.text.OLED_Refresh_Gram)
    __arm_cp.1_1                             0x080041c8   Number         4  oled.o(.text.OLED_Refresh_Gram)
    __arm_cp.1_2                             0x080041cc   Number         4  oled.o(.text.OLED_Refresh_Gram)
    [Anonymous Symbol]                       0x080041d0   Section        0  screen.o(.text.OLED_Show_Cube_Catched_by_Elliipse)
    __arm_cp.7_3                             0x080045a4   Number         4  screen.o(.text.OLED_Show_Cube_Catched_by_Elliipse)
    __arm_cp.7_1                             0x080046c8   Number         4  screen.o(.text.OLED_Show_Cube_Catched_by_Elliipse)
    __arm_cp.7_2                             0x080046cc   Number         4  screen.o(.text.OLED_Show_Cube_Catched_by_Elliipse)
    [Anonymous Symbol]                       0x080046d0   Section        0  screen.o(.text.OLED_Show_Cube_to_Circle)
    [Anonymous Symbol]                       0x08004858   Section        0  screen.o(.text.OLED_Show_Cube_to_LikeCircle)
    [Anonymous Symbol]                       0x08004914   Section        0  screen.o(.text.OLED_Show_DNA)
    [Anonymous Symbol]                       0x080049da   Section        0  screen.o(.text.OLED_Show_Sliding_Door)
    [Anonymous Symbol]                       0x08004b62   Section        0  stm32g0xx_it.o(.text.PendSV_Handler)
    [Anonymous Symbol]                       0x08004b64   Section        0  stm32g0xx_it.o(.text.SVC_Handler)
    [Anonymous Symbol]                       0x08004b66   Section        0  stm32g0xx_it.o(.text.SysTick_Handler)
    [Anonymous Symbol]                       0x08004b6e   Section        0  system_stm32g0xx.o(.text.SystemInit)
    [Anonymous Symbol]                       0x08004b70   Section        0  stm32g0xx_hal_uart.o(.text.UART_AdvFeatureConfig)
    [Anonymous Symbol]                       0x08004c44   Section        0  stm32g0xx_hal_uart.o(.text.UART_SetConfig)
    __arm_cp.2_0                             0x08004d7c   Number         4  stm32g0xx_hal_uart.o(.text.UART_SetConfig)
    __arm_cp.2_1                             0x08004d80   Number         4  stm32g0xx_hal_uart.o(.text.UART_SetConfig)
    __arm_cp.2_2                             0x08004d84   Number         4  stm32g0xx_hal_uart.o(.text.UART_SetConfig)
    __arm_cp.2_3                             0x08004d88   Number         4  stm32g0xx_hal_uart.o(.text.UART_SetConfig)
    __arm_cp.2_4                             0x08004d8c   Number         4  stm32g0xx_hal_uart.o(.text.UART_SetConfig)
    __arm_cp.2_6                             0x08004da0   Number         4  stm32g0xx_hal_uart.o(.text.UART_SetConfig)
    __arm_cp.2_7                             0x08004da4   Number         4  stm32g0xx_hal_uart.o(.text.UART_SetConfig)
    __arm_cp.2_8                             0x08004da8   Number         4  stm32g0xx_hal_uart.o(.text.UART_SetConfig)
    __arm_cp.2_9                             0x08004dac   Number         4  stm32g0xx_hal_uart.o(.text.UART_SetConfig)
    [Anonymous Symbol]                       0x08004db0   Section        0  stm32g0xx_hal_uart.o(.text.UART_WaitOnFlagUntilTimeout)
    [Anonymous Symbol]                       0x08004ee8   Section        0  print.o(.text._sys_exit)
    [Anonymous Symbol]                       0x08004eea   Section        0  main.o(.text.main)
    .text_divfast                            0x08004f6c   Section      502  aeabi_sdivfast.o(.text_divfast)
    i.__ARM_common_ll_muluu                  0x08005162   Section        0  rred.o(i.__ARM_common_ll_muluu)
    i.__ARM_fpclassify                       0x08005194   Section        0  fpclassify.o(i.__ARM_fpclassify)
    i.__ieee754_rem_pio2                     0x080051c0   Section        0  rred.o(i.__ieee754_rem_pio2)
    i.__kernel_cos                           0x0800555c   Section        0  cos_i.o(i.__kernel_cos)
    i.__kernel_poly                          0x08005650   Section        0  poly.o(i.__kernel_poly)
    i.__kernel_sin                           0x080056fc   Section        0  sin_i.o(i.__kernel_sin)
    i.__mathlib_dbl_infnan                   0x080057e8   Section        0  dunder.o(i.__mathlib_dbl_infnan)
    i.__mathlib_dbl_invalid                  0x080057f2   Section        0  dunder.o(i.__mathlib_dbl_invalid)
    i.__mathlib_dbl_underflow                0x08005804   Section        0  dunder.o(i.__mathlib_dbl_underflow)
    i._dgr                                   0x08005818   Section        0  dcmp.o(i._dgr)
    i._dleq                                  0x0800582e   Section        0  dcmp.o(i._dleq)
    i._fgr                                   0x08005848   Section        0  fcmp.o(i._fgr)
    i._fleq                                  0x0800585e   Section        0  fcmp.o(i._fleq)
    i.cos                                    0x08005878   Section        0  cos.o(i.cos)
    i.sin                                    0x08005910   Section        0  sin.o(i.sin)
    x$fpl$dgeqf                              0x080059ac   Section      100  dgef.o(x$fpl$dgeqf)
    x$fpl$dleqf                              0x08005a10   Section      100  dlef.o(x$fpl$dleqf)
    x$fpl$fadd                               0x08005a74   Section      140  faddsub.o(x$fpl$fadd)
    _fadd1                                   0x08005a81   Thumb Code     0  faddsub.o(x$fpl$fadd)
    x$fpl$fgeqf                              0x08005b00   Section       84  fgef.o(x$fpl$fgeqf)
    x$fpl$fleqf                              0x08005b54   Section       84  flef.o(x$fpl$fleqf)
    x$fpl$fmul                               0x08005ba8   Section      176  fmul.o(x$fpl$fmul)
    x$fpl$fsub                               0x08005c58   Section      208  faddsub.o(x$fpl$fsub)
    _fsub1                                   0x08005c65   Thumb Code     0  faddsub.o(x$fpl$fsub)
    ddiv_reciptbl                            0x08005d28   Data         128  ddiv.o(.constdata)
    .constdata                               0x08005d28   Section      128  ddiv.o(.constdata)
    x$fpl$usenofp                            0x08005d28   Section        0  usenofp.o(x$fpl$usenofp)
    C                                        0x08005da8   Data          48  cos_i.o(.constdata)
    .constdata                               0x08005da8   Section       48  cos_i.o(.constdata)
    pio2s                                    0x08005dd8   Data          48  rred.o(.constdata)
    .constdata                               0x08005dd8   Section      204  rred.o(.constdata)
    twooverpi                                0x08005e08   Data         156  rred.o(.constdata)
    S                                        0x08005ea8   Data          40  sin_i.o(.constdata)
    .constdata                               0x08005ea8   Section       40  sin_i.o(.constdata)
    [Anonymous Symbol]                       0x20000004   Section        0  stm32g0xx_hal.o(.data..L_MergedGlobals)
    .bss                                     0x20000018   Section       96  libspace.o(.bss)
    Heap_Mem                                 0x20000568   Data         512  startup_stm32g030xx.o(HEAP)
    HEAP                                     0x20000568   Section      512  startup_stm32g030xx.o(HEAP)
    Stack_Mem                                0x20000768   Data        1024  startup_stm32g030xx.o(STACK)
    STACK                                    0x20000768   Section     1024  startup_stm32g030xx.o(STACK)
    __initial_sp                             0x20000b68   Data           0  startup_stm32g030xx.o(STACK)

    Global Symbols

    Symbol Name                              Value     Ov Type        Size  Object(Section)

    BuildAttributes$$THM_ISAv3M$S$PE$A:L22$X:L11$S22$IEEE1$IW$~IW$USESV6$~STKCKD$USESV7$~SHL$OTIME$ROPI$IEEEX$EBA8$UX$STANDARDLIB$REQ8$PRES8$EABIv2 0x00000000   Number         0  anon$$obj.o ABSOLUTE
    __ARM_exceptions_init                     - Undefined Weak Reference
    __alloca_initialize                       - Undefined Weak Reference
    __arm_preinit_                            - Undefined Weak Reference
    __arm_relocate_pie_                       - Undefined Weak Reference
    __cpp_initialize__aeabi_                  - Undefined Weak Reference
    __cxa_finalize                            - Undefined Weak Reference
    __rt_locale                               - Undefined Weak Reference
    __sigvec_lookup                           - Undefined Weak Reference
    _atexit_init                              - Undefined Weak Reference
    _call_atexit_fns                          - Undefined Weak Reference
    _clock_init                               - Undefined Weak Reference
    _fp_trap_init                             - Undefined Weak Reference
    _fp_trap_shutdown                         - Undefined Weak Reference
    _get_lc_collate                           - Undefined Weak Reference
    _get_lc_ctype                             - Undefined Weak Reference
    _get_lc_monetary                          - Undefined Weak Reference
    _get_lc_numeric                           - Undefined Weak Reference
    _get_lc_time                              - Undefined Weak Reference
    _getenv_init                              - Undefined Weak Reference
    _handle_redirection                       - Undefined Weak Reference
    _init_alloc                               - Undefined Weak Reference
    _init_user_alloc                          - Undefined Weak Reference
    _initio                                   - Undefined Weak Reference
    _signal_finish                            - Undefined Weak Reference
    _signal_init                              - Undefined Weak Reference
    _terminate_alloc                          - Undefined Weak Reference
    _terminate_user_alloc                     - Undefined Weak Reference
    _terminateio                              - Undefined Weak Reference
    __Vectors_Size                           0x000000c0   Number         0  startup_stm32g030xx.o ABSOLUTE
    __Vectors                                0x08000000   Data           4  startup_stm32g030xx.o(RESET)
    __Vectors_End                            0x080000c0   Data           0  startup_stm32g030xx.o(RESET)
    __main                                   0x080000c1   Thumb Code     8  __main.o(!!!main)
    __scatterload                            0x080000c9   Thumb Code     0  __scatter.o(!!!scatter)
    __scatterload_rt2                        0x080000c9   Thumb Code    52  __scatter.o(!!!scatter)
    __scatterload_rt2_thumb_only             0x080000c9   Thumb Code     0  __scatter.o(!!!scatter)
    __scatterload_null                       0x080000d9   Thumb Code     0  __scatter.o(!!!scatter)
    __scatterload_copy                       0x08000105   Thumb Code    26  __scatter_copy.o(!!handler_copy)
    __scatterload_zeroinit                   0x08000121   Thumb Code    28  __scatter_zi.o(!!handler_zi)
    __rt_lib_init                            0x0800013d   Thumb Code     0  libinit.o(.ARM.Collect$$libinit$$00000000)
    __rt_lib_init_alloca_1                   0x0800013f   Thumb Code     0  libinit2.o(.ARM.Collect$$libinit$$00000030)
    __rt_lib_init_argv_1                     0x0800013f   Thumb Code     0  libinit2.o(.ARM.Collect$$libinit$$0000002E)
    __rt_lib_init_atexit_1                   0x0800013f   Thumb Code     0  libinit2.o(.ARM.Collect$$libinit$$0000001D)
    __rt_lib_init_clock_1                    0x0800013f   Thumb Code     0  libinit2.o(.ARM.Collect$$libinit$$00000023)
    __rt_lib_init_cpp_1                      0x0800013f   Thumb Code     0  libinit2.o(.ARM.Collect$$libinit$$00000034)
    __rt_lib_init_exceptions_1               0x0800013f   Thumb Code     0  libinit2.o(.ARM.Collect$$libinit$$00000032)
    __rt_lib_init_fp_1                       0x0800013f   Thumb Code     0  libinit2.o(.ARM.Collect$$libinit$$00000002)
    __rt_lib_init_fp_trap_1                  0x0800013f   Thumb Code     0  libinit2.o(.ARM.Collect$$libinit$$00000021)
    __rt_lib_init_getenv_1                   0x0800013f   Thumb Code     0  libinit2.o(.ARM.Collect$$libinit$$00000025)
    __rt_lib_init_heap_1                     0x0800013f   Thumb Code     0  libinit2.o(.ARM.Collect$$libinit$$0000000C)
    __rt_lib_init_lc_collate_1               0x0800013f   Thumb Code     0  libinit2.o(.ARM.Collect$$libinit$$00000013)
    __rt_lib_init_lc_ctype_1                 0x0800013f   Thumb Code     0  libinit2.o(.ARM.Collect$$libinit$$00000015)
    __rt_lib_init_lc_monetary_1              0x0800013f   Thumb Code     0  libinit2.o(.ARM.Collect$$libinit$$00000017)
    __rt_lib_init_lc_numeric_1               0x0800013f   Thumb Code     0  libinit2.o(.ARM.Collect$$libinit$$00000019)
    __rt_lib_init_lc_time_1                  0x0800013f   Thumb Code     0  libinit2.o(.ARM.Collect$$libinit$$0000001B)
    __rt_lib_init_preinit_1                  0x0800013f   Thumb Code     0  libinit2.o(.ARM.Collect$$libinit$$00000006)
    __rt_lib_init_rand_1                     0x0800013f   Thumb Code     0  libinit2.o(.ARM.Collect$$libinit$$00000010)
    __rt_lib_init_relocate_pie_1             0x0800013f   Thumb Code     0  libinit2.o(.ARM.Collect$$libinit$$00000004)
    __rt_lib_init_return                     0x0800013f   Thumb Code     0  libinit2.o(.ARM.Collect$$libinit$$00000035)
    __rt_lib_init_signal_1                   0x0800013f   Thumb Code     0  libinit2.o(.ARM.Collect$$libinit$$0000001F)
    __rt_lib_init_stdio_1                    0x0800013f   Thumb Code     0  libinit2.o(.ARM.Collect$$libinit$$00000027)
    __rt_lib_init_user_alloc_1               0x0800013f   Thumb Code     0  libinit2.o(.ARM.Collect$$libinit$$0000000E)
    __rt_lib_shutdown                        0x08000141   Thumb Code     0  libshutdown.o(.ARM.Collect$$libshutdown$$00000000)
    __rt_lib_shutdown_cpp_1                  0x08000143   Thumb Code     0  libshutdown2.o(.ARM.Collect$$libshutdown$$00000002)
    __rt_lib_shutdown_fp_trap_1              0x08000143   Thumb Code     0  libshutdown2.o(.ARM.Collect$$libshutdown$$00000007)
    __rt_lib_shutdown_heap_1                 0x08000143   Thumb Code     0  libshutdown2.o(.ARM.Collect$$libshutdown$$0000000F)
    __rt_lib_shutdown_return                 0x08000143   Thumb Code     0  libshutdown2.o(.ARM.Collect$$libshutdown$$00000010)
    __rt_lib_shutdown_signal_1               0x08000143   Thumb Code     0  libshutdown2.o(.ARM.Collect$$libshutdown$$0000000A)
    __rt_lib_shutdown_stdio_1                0x08000143   Thumb Code     0  libshutdown2.o(.ARM.Collect$$libshutdown$$00000004)
    __rt_lib_shutdown_user_alloc_1           0x08000143   Thumb Code     0  libshutdown2.o(.ARM.Collect$$libshutdown$$0000000C)
    __rt_entry                               0x08000145   Thumb Code     0  __rtentry.o(.ARM.Collect$$rtentry$$00000000)
    __rt_entry_presh_1                       0x08000145   Thumb Code     0  __rtentry2.o(.ARM.Collect$$rtentry$$00000002)
    __rt_entry_sh                            0x08000145   Thumb Code     0  __rtentry4.o(.ARM.Collect$$rtentry$$00000004)
    __rt_entry_li                            0x0800014b   Thumb Code     0  __rtentry2.o(.ARM.Collect$$rtentry$$0000000A)
    __rt_entry_postsh_1                      0x0800014b   Thumb Code     0  __rtentry2.o(.ARM.Collect$$rtentry$$00000009)
    __rt_entry_main                          0x0800014f   Thumb Code     0  __rtentry2.o(.ARM.Collect$$rtentry$$0000000D)
    __rt_entry_postli_1                      0x0800014f   Thumb Code     0  __rtentry2.o(.ARM.Collect$$rtentry$$0000000C)
    __rt_exit                                0x08000157   Thumb Code     0  rtexit.o(.ARM.Collect$$rtexit$$00000000)
    __rt_exit_ls                             0x08000159   Thumb Code     0  rtexit2.o(.ARM.Collect$$rtexit$$00000003)
    __rt_exit_prels_1                        0x08000159   Thumb Code     0  rtexit2.o(.ARM.Collect$$rtexit$$00000002)
    __rt_exit_exit                           0x0800015d   Thumb Code     0  rtexit2.o(.ARM.Collect$$rtexit$$00000004)
    Reset_Handler                            0x08000165   Thumb Code     8  startup_stm32g030xx.o(.text)
    ADC1_IRQHandler                          0x08000177   Thumb Code     0  startup_stm32g030xx.o(.text)
    DMA1_Ch4_5_DMAMUX1_OVR_IRQHandler        0x08000177   Thumb Code     0  startup_stm32g030xx.o(.text)
    DMA1_Channel1_IRQHandler                 0x08000177   Thumb Code     0  startup_stm32g030xx.o(.text)
    DMA1_Channel2_3_IRQHandler               0x08000177   Thumb Code     0  startup_stm32g030xx.o(.text)
    EXTI0_1_IRQHandler                       0x08000177   Thumb Code     0  startup_stm32g030xx.o(.text)
    EXTI2_3_IRQHandler                       0x08000177   Thumb Code     0  startup_stm32g030xx.o(.text)
    EXTI4_15_IRQHandler                      0x08000177   Thumb Code     0  startup_stm32g030xx.o(.text)
    FLASH_IRQHandler                         0x08000177   Thumb Code     0  startup_stm32g030xx.o(.text)
    I2C1_IRQHandler                          0x08000177   Thumb Code     0  startup_stm32g030xx.o(.text)
    I2C2_IRQHandler                          0x08000177   Thumb Code     0  startup_stm32g030xx.o(.text)
    RCC_IRQHandler                           0x08000177   Thumb Code     0  startup_stm32g030xx.o(.text)
    RTC_TAMP_IRQHandler                      0x08000177   Thumb Code     0  startup_stm32g030xx.o(.text)
    SPI1_IRQHandler                          0x08000177   Thumb Code     0  startup_stm32g030xx.o(.text)
    SPI2_IRQHandler                          0x08000177   Thumb Code     0  startup_stm32g030xx.o(.text)
    TIM14_IRQHandler                         0x08000177   Thumb Code     0  startup_stm32g030xx.o(.text)
    TIM16_IRQHandler                         0x08000177   Thumb Code     0  startup_stm32g030xx.o(.text)
    TIM17_IRQHandler                         0x08000177   Thumb Code     0  startup_stm32g030xx.o(.text)
    TIM1_BRK_UP_TRG_COM_IRQHandler           0x08000177   Thumb Code     0  startup_stm32g030xx.o(.text)
    TIM1_CC_IRQHandler                       0x08000177   Thumb Code     0  startup_stm32g030xx.o(.text)
    TIM3_IRQHandler                          0x08000177   Thumb Code     0  startup_stm32g030xx.o(.text)
    USART1_IRQHandler                        0x08000177   Thumb Code     0  startup_stm32g030xx.o(.text)
    USART2_IRQHandler                        0x08000177   Thumb Code     0  startup_stm32g030xx.o(.text)
    WWDG_IRQHandler                          0x08000177   Thumb Code     0  startup_stm32g030xx.o(.text)
    __user_initial_stackheap                 0x08000179   Thumb Code     0  startup_stm32g030xx.o(.text)
    __use_no_semihosting                     0x0800019d   Thumb Code     2  use_no_semi_2.o(.text)
    _memset_w                                0x0800019f   Thumb Code    26  rt_memclr.o(.text)
    _memset                                  0x080001b9   Thumb Code    30  rt_memclr.o(.text)
    __aeabi_memclr                           0x080001d7   Thumb Code     4  rt_memclr.o(.text)
    __rt_memclr                              0x080001d7   Thumb Code     0  rt_memclr.o(.text)
    __aeabi_memclr4                          0x080001db   Thumb Code     0  rt_memclr.o(.text)
    __aeabi_memclr8                          0x080001db   Thumb Code     0  rt_memclr.o(.text)
    __rt_memclr_w                            0x080001db   Thumb Code     4  rt_memclr.o(.text)
    __use_two_region_memory                  0x080001df   Thumb Code     2  heapauxi.o(.text)
    __rt_heap_escrow$2region                 0x080001e1   Thumb Code     2  heapauxi.o(.text)
    __rt_heap_expand$2region                 0x080001e3   Thumb Code     2  heapauxi.o(.text)
    __aeabi_d2f                              0x080001e5   Thumb Code     0  d2f.o(.text)
    _d2f                                     0x080001e5   Thumb Code   120  d2f.o(.text)
    __aeabi_dadd                             0x08000559   Thumb Code     0  daddsub.o(.text)
    _dadd                                    0x08000559   Thumb Code    26  daddsub.o(.text)
    __aeabi_dsub                             0x08000573   Thumb Code     0  daddsub.o(.text)
    _dsub                                    0x08000573   Thumb Code    22  daddsub.o(.text)
    __aeabi_drsub                            0x08000589   Thumb Code     0  daddsub.o(.text)
    _drsb                                    0x08000589   Thumb Code    28  daddsub.o(.text)
    __aeabi_ddiv                             0x080005b9   Thumb Code     0  ddiv.o(.text)
    _ddiv                                    0x080005b9   Thumb Code  1072  ddiv.o(.text)
    _drdiv                                   0x080009e9   Thumb Code    20  ddiv.o(.text)
    __aeabi_d2iz                             0x08000a01   Thumb Code     0  dfixi.o(.text)
    _dfix                                    0x08000a01   Thumb Code    98  dfixi.o(.text)
    __aeabi_i2d_normalise                    0x08000a6d   Thumb Code    66  dflti.o(.text)
    __aeabi_i2d                              0x08000aaf   Thumb Code    16  dflti.o(.text)
    _dflt                                    0x08000aaf   Thumb Code     0  dflti.o(.text)
    __aeabi_ui2d                             0x08000abf   Thumb Code     6  dflti.o(.text)
    _dfltu                                   0x08000abf   Thumb Code     0  dflti.o(.text)
    __aeabi_dmul                             0x08000ac5   Thumb Code     0  dmul.o(.text)
    _dmul                                    0x08000ac5   Thumb Code   558  dmul.o(.text)
    __aeabi_f2d                              0x08000d0d   Thumb Code     0  f2d.o(.text)
    _f2d                                     0x08000d0d   Thumb Code    80  f2d.o(.text)
    __aeabi_f2iz                             0x08000d61   Thumb Code     0  ffixi.o(.text)
    _ffix                                    0x08000d61   Thumb Code    76  ffixi.o(.text)
    __aeabi_i2f_normalise                    0x08000dad   Thumb Code    72  fflti.o(.text)
    __aeabi_i2f                              0x08000df5   Thumb Code    16  fflti.o(.text)
    _fflt                                    0x08000df5   Thumb Code     0  fflti.o(.text)
    __aeabi_ui2f                             0x08000e05   Thumb Code     6  fflti.o(.text)
    _ffltu                                   0x08000e05   Thumb Code     0  fflti.o(.text)
    __semihosting$guard                      0x08000e0b   Thumb Code     0  use_no_semi.o(.text)
    __use_no_semihosting_swi                 0x08000e0b   Thumb Code     2  use_no_semi.o(.text)
    __read_errno                             0x08000e0d   Thumb Code    10  _rserrno.o(.text)
    __set_errno                              0x08000e17   Thumb Code    12  _rserrno.o(.text)
    __aeabi_errno_addr                       0x08000e25   Thumb Code     8  rt_errno_addr_intlibspace.o(.text)
    __errno$intlibspace                      0x08000e25   Thumb Code     0  rt_errno_addr_intlibspace.o(.text)
    __rt_errno_addr$intlibspace              0x08000e25   Thumb Code     0  rt_errno_addr_intlibspace.o(.text)
    __fpl_dcmp_InfNaN                        0x08000e2d   Thumb Code   154  dcmpin.o(.text)
    __ARM_scalbn                             0x08000ecd   Thumb Code    84  dscalbn.o(.text)
    __fpl_fcmp_InfNaN                        0x08000f2d   Thumb Code    96  fcmpin.o(.text)
    __user_libspace                          0x08000f91   Thumb Code     8  libspace.o(.text)
    __user_perproc_libspace                  0x08000f91   Thumb Code     0  libspace.o(.text)
    __user_perthread_libspace                0x08000f91   Thumb Code     0  libspace.o(.text)
    __user_setup_stackheap                   0x08000f99   Thumb Code    62  sys_stackheap_outer.o(.text)
    exit                                     0x08000fd7   Thumb Code    16  exit.o(.text)
    __fpl_cmpreturn                          0x08000fe7   Thumb Code    46  cmpret.o(.text)
    __fpl_dcheck_NaN2                        0x08001015   Thumb Code    14  dnan2.o(.text)
    __fpl_fcheck_NaN2                        0x08001029   Thumb Code    10  fnan2.o(.text)
    __fpl_return_NaN                         0x08001039   Thumb Code    94  retnan.o(.text)
    Demo_01                                  0x08001097   Thumb Code   402  screen.o(.text.Demo_01)
    Error_Handler                            0x08001229   Thumb Code     8  main.o(.text.Error_Handler)
    HAL_GPIO_Init                            0x08001231   Thumb Code   400  stm32g0xx_hal_gpio.o(.text.HAL_GPIO_Init)
    HAL_GPIO_WritePin                        0x080013d5   Thumb Code    16  stm32g0xx_hal_gpio.o(.text.HAL_GPIO_WritePin)
    HAL_GetTick                              0x080013e5   Thumb Code     8  stm32g0xx_hal.o(.text.HAL_GetTick)
    HAL_I2CEx_ConfigAnalogFilter             0x080013f1   Thumb Code    66  stm32g0xx_hal_i2c_ex.o(.text.HAL_I2CEx_ConfigAnalogFilter)
    HAL_I2CEx_ConfigDigitalFilter            0x08001433   Thumb Code    66  stm32g0xx_hal_i2c_ex.o(.text.HAL_I2CEx_ConfigDigitalFilter)
    HAL_I2C_Init                             0x08001475   Thumb Code   160  stm32g0xx_hal_i2c.o(.text.HAL_I2C_Init)
    HAL_I2C_Mem_Write                        0x0800151d   Thumb Code   644  stm32g0xx_hal_i2c.o(.text.HAL_I2C_Mem_Write)
    HAL_I2C_MspInit                          0x080017b9   Thumb Code   112  i2c.o(.text.HAL_I2C_MspInit)
    HAL_IncTick                              0x08001835   Thumb Code    16  stm32g0xx_hal.o(.text.HAL_IncTick)
    HAL_Init                                 0x08001849   Thumb Code    40  stm32g0xx_hal.o(.text.HAL_Init)
    HAL_InitTick                             0x08001875   Thumb Code    64  stm32g0xx_hal.o(.text.HAL_InitTick)
    HAL_MspInit                              0x080018b9   Thumb Code    40  stm32g0xx_hal_msp.o(.text.HAL_MspInit)
    HAL_NVIC_SetPriority                     0x080018e5   Thumb Code    48  stm32g0xx_hal_cortex.o(.text.HAL_NVIC_SetPriority)
    HAL_PWREx_ControlVoltageScaling          0x0800191d   Thumb Code   116  stm32g0xx_hal_pwr_ex.o(.text.HAL_PWREx_ControlVoltageScaling)
    HAL_RCCEx_PeriphCLKConfig                0x0800199d   Thumb Code   364  stm32g0xx_hal_rcc_ex.o(.text.HAL_RCCEx_PeriphCLKConfig)
    HAL_RCC_ClockConfig                      0x08001b19   Thumb Code   488  stm32g0xx_hal_rcc.o(.text.HAL_RCC_ClockConfig)
    HAL_RCC_GetPCLK1Freq                     0x08001d15   Thumb Code    28  stm32g0xx_hal_rcc.o(.text.HAL_RCC_GetPCLK1Freq)
    HAL_RCC_GetSysClockFreq                  0x08001d39   Thumb Code   124  stm32g0xx_hal_rcc.o(.text.HAL_RCC_GetSysClockFreq)
    HAL_RCC_OscConfig                        0x08001dc1   Thumb Code  1020  stm32g0xx_hal_rcc.o(.text.HAL_RCC_OscConfig)
    HAL_SYSTICK_Config                       0x080021dd   Thumb Code    40  stm32g0xx_hal_cortex.o(.text.HAL_SYSTICK_Config)
    HAL_UART_Init                            0x08002211   Thumb Code   204  stm32g0xx_hal_uart.o(.text.HAL_UART_Init)
    HAL_UART_MspInit                         0x080022e1   Thumb Code    80  usart.o(.text.HAL_UART_MspInit)
    HardFault_Handler                        0x08002331   Thumb Code     2  stm32g0xx_it.o(.text.HardFault_Handler)
    MX_GPIO_Init                             0x080025b1   Thumb Code    76  gpio.o(.text.MX_GPIO_Init)
    MX_I2C1_Init                             0x08002605   Thumb Code    76  i2c.o(.text.MX_I2C1_Init)
    MX_USART2_UART_Init                      0x0800265d   Thumb Code    52  usart.o(.text.MX_USART2_UART_Init)
    NMI_Handler                              0x08002699   Thumb Code     2  stm32g0xx_it.o(.text.NMI_Handler)
    OLED_DrawCube_Intelligent_Overflow       0x0800269b   Thumb Code   368  oled.o(.text.OLED_DrawCube_Intelligent_Overflow)
    OLED_DrawEllipse_Rotate                  0x0800280d   Thumb Code   540  oled.o(.text.OLED_DrawEllipse_Rotate)
    OLED_DrawLine                            0x08002a35   Thumb Code   920  oled.o(.text.OLED_DrawLine)
    OLED_Draw_4_Pixels_Rotate                0x08002dd5   Thumb Code   604  oled.o(.text.OLED_Draw_4_Pixels_Rotate)
    OLED_Draw_4_Pixels_Spread_Out_From_Center 0x0800303d   Thumb Code   284  oled.o(.text.OLED_Draw_4_Pixels_Spread_Out_From_Center)
    OLED_Draw_8_Pixels_Rotate                0x0800315d   Thumb Code  1096  oled.o(.text.OLED_Draw_8_Pixels_Rotate)
    OLED_Draw_8_Pixels_Spread_Out_From_Center 0x080035a9   Thumb Code   608  oled.o(.text.OLED_Draw_8_Pixels_Spread_Out_From_Center)
    OLED_Draw_Rounded_Cube                   0x0800380d   Thumb Code   282  oled.o(.text.OLED_Draw_Rounded_Cube)
    OLED_Draw_Rounded_Cube_Erasure_Method    0x08003927   Thumb Code   424  oled.o(.text.OLED_Draw_Rounded_Cube_Erasure_Method)
    OLED_Draw_Rounded_Cube_Fillet_Overflow   0x08003acf   Thumb Code   398  oled.o(.text.OLED_Draw_Rounded_Cube_Fillet_Overflow)
    OLED_Draw_Two_Vertical_Ellipses_Rotate   0x08003c5d   Thumb Code   540  oled.o(.text.OLED_Draw_Two_Vertical_Ellipses_Rotate)
    OLED_Init                                0x08003e85   Thumb Code   720  oled.o(.text.OLED_Init)
    OLED_Refresh_Gram                        0x08004155   Thumb Code   112  oled.o(.text.OLED_Refresh_Gram)
    OLED_Show_Cube_Catched_by_Elliipse       0x080041d1   Thumb Code  1272  screen.o(.text.OLED_Show_Cube_Catched_by_Elliipse)
    OLED_Show_Cube_to_Circle                 0x080046d1   Thumb Code   392  screen.o(.text.OLED_Show_Cube_to_Circle)
    OLED_Show_Cube_to_LikeCircle             0x08004859   Thumb Code   188  screen.o(.text.OLED_Show_Cube_to_LikeCircle)
    OLED_Show_DNA                            0x08004915   Thumb Code   198  screen.o(.text.OLED_Show_DNA)
    OLED_Show_Sliding_Door                   0x080049db   Thumb Code   392  screen.o(.text.OLED_Show_Sliding_Door)
    PendSV_Handler                           0x08004b63   Thumb Code     2  stm32g0xx_it.o(.text.PendSV_Handler)
    SVC_Handler                              0x08004b65   Thumb Code     2  stm32g0xx_it.o(.text.SVC_Handler)
    SysTick_Handler                          0x08004b67   Thumb Code     8  stm32g0xx_it.o(.text.SysTick_Handler)
    SystemInit                               0x08004b6f   Thumb Code     2  system_stm32g0xx.o(.text.SystemInit)
    UART_AdvFeatureConfig                    0x08004b71   Thumb Code   210  stm32g0xx_hal_uart.o(.text.UART_AdvFeatureConfig)
    UART_SetConfig                           0x08004c45   Thumb Code   312  stm32g0xx_hal_uart.o(.text.UART_SetConfig)
    UART_WaitOnFlagUntilTimeout              0x08004db1   Thumb Code   312  stm32g0xx_hal_uart.o(.text.UART_WaitOnFlagUntilTimeout)
    _sys_exit                                0x08004ee9   Thumb Code     2  print.o(.text._sys_exit)
    main                                     0x08004eeb   Thumb Code   130  main.o(.text.main)
    __aeabi_uidiv                            0x08004f6d   Thumb Code    68  aeabi_sdivfast.o(.text_divfast)
    __aeabi_idiv                             0x08004fb1   Thumb Code   434  aeabi_sdivfast.o(.text_divfast)
    __ARM_common_ll_muluu                    0x08005163   Thumb Code    50  rred.o(i.__ARM_common_ll_muluu)
    __ARM_fpclassify                         0x08005195   Thumb Code    40  fpclassify.o(i.__ARM_fpclassify)
    __ieee754_rem_pio2                       0x080051c1   Thumb Code   838  rred.o(i.__ieee754_rem_pio2)
    __kernel_cos                             0x0800555d   Thumb Code   224  cos_i.o(i.__kernel_cos)
    __kernel_poly                            0x08005651   Thumb Code   172  poly.o(i.__kernel_poly)
    __kernel_sin                             0x080056fd   Thumb Code   222  sin_i.o(i.__kernel_sin)
    __mathlib_dbl_infnan                     0x080057e9   Thumb Code    10  dunder.o(i.__mathlib_dbl_infnan)
    __mathlib_dbl_invalid                    0x080057f3   Thumb Code    16  dunder.o(i.__mathlib_dbl_invalid)
    __mathlib_dbl_underflow                  0x08005805   Thumb Code    14  dunder.o(i.__mathlib_dbl_underflow)
    __aeabi_dcmpgt                           0x08005819   Thumb Code     0  dcmp.o(i._dgr)
    _dgr                                     0x08005819   Thumb Code    22  dcmp.o(i._dgr)
    __aeabi_dcmple                           0x0800582f   Thumb Code     0  dcmp.o(i._dleq)
    _dleq                                    0x0800582f   Thumb Code    26  dcmp.o(i._dleq)
    __aeabi_fcmpgt                           0x08005849   Thumb Code     0  fcmp.o(i._fgr)
    _fgr                                     0x08005849   Thumb Code    22  fcmp.o(i._fgr)
    __aeabi_fcmple                           0x0800585f   Thumb Code     0  fcmp.o(i._fleq)
    _fleq                                    0x0800585f   Thumb Code    26  fcmp.o(i._fleq)
    cos                                      0x08005879   Thumb Code   142  cos.o(i.cos)
    sin                                      0x08005911   Thumb Code   146  sin.o(i.sin)
    _dcmpge                                  0x080059ad   Thumb Code    94  dgef.o(x$fpl$dgeqf)
    __aeabi_cdcmple                          0x08005a11   Thumb Code     0  dlef.o(x$fpl$dleqf)
    _dcmple                                  0x08005a11   Thumb Code    94  dlef.o(x$fpl$dleqf)
    __aeabi_fadd                             0x08005a75   Thumb Code     0  faddsub.o(x$fpl$fadd)
    _fadd                                    0x08005a75   Thumb Code   134  faddsub.o(x$fpl$fadd)
    _fcmpge                                  0x08005b01   Thumb Code    78  fgef.o(x$fpl$fgeqf)
    __aeabi_cfcmple                          0x08005b55   Thumb Code     0  flef.o(x$fpl$fleqf)
    _fcmple                                  0x08005b55   Thumb Code    78  flef.o(x$fpl$fleqf)
    __aeabi_fmul                             0x08005ba9   Thumb Code     0  fmul.o(x$fpl$fmul)
    _fmul                                    0x08005ba9   Thumb Code   172  fmul.o(x$fpl$fmul)
    __aeabi_fsub                             0x08005c59   Thumb Code     0  faddsub.o(x$fpl$fsub)
    _fsub                                    0x08005c59   Thumb Code   204  faddsub.o(x$fpl$fsub)
    __I$use$fp                               0x08005d28   Number         0  usenofp.o(x$fpl$usenofp)
    AHBPrescTable                            0x08005ed0   Data          64  system_stm32g0xx.o(.rodata.AHBPrescTable)
    APBPrescTable                            0x08005f10   Data          32  system_stm32g0xx.o(.rodata.APBPrescTable)
    UARTPrescTable                           0x08005f30   Data          24  stm32g0xx_hal_uart.o(.rodata.UARTPrescTable)
    Region$$Table$$Base                      0x08005f48   Number         0  anon$$obj.o(Region$$Table)
    Region$$Table$$Limit                     0x08005f68   Number         0  anon$$obj.o(Region$$Table)
    __ARM_use_no_argv                        0x20000000   Data           4  main.o(.ARM.use_no_argv)
    uwTickFreq                               0x20000004   Data           1  stm32g0xx_hal.o(.data..L_MergedGlobals)
    uwTickPrio                               0x20000008   Data           4  stm32g0xx_hal.o(.data..L_MergedGlobals)
    SystemCoreClock                          0x2000000c   Data           4  system_stm32g0xx.o(.data.SystemCoreClock)
    dev_oled                                 0x20000010   Data           4  oled.o(.data.dev_oled)
    __libspace_start                         0x20000018   Data          96  libspace.o(.bss)
    OLED_GRAM                                0x20000078   Data        1024  oled.o(.bss.OLED_GRAM)
    __temporary_stack_top$libspace           0x20000078   Data           0  libspace.o(.bss)
    hi2c1                                    0x20000478   Data          84  i2c.o(.bss.hi2c1)
    huart2                                   0x200004cc   Data         148  usart.o(.bss.huart2)
    uwTick                                   0x20000560   Data           4  stm32g0xx_hal.o(.bss.uwTick)



==============================================================================

Memory Map of the image

  Image Entry point : 0x080000c1

  Load Region LR_IROM1 (Base: 0x08000000, Size: 0x00005f80, Max: 0x00008000, ABSOLUTE)

    Execution Region ER_IROM1 (Exec base: 0x08000000, Load base: 0x08000000, Size: 0x00005f68, Max: 0x00008000, ABSOLUTE)

    Exec Addr    Load Addr    Size         Type   Attr      Idx    E Section Name        Object

    0x08000000   0x08000000   0x000000c0   Data   RO            3    RESET               startup_stm32g030xx.o
    0x080000c0   0x080000c0   0x00000008   Code   RO         1052  * !!!main             c_p.l(__main.o)
    0x080000c8   0x080000c8   0x0000003c   Code   RO         1340    !!!scatter          c_p.l(__scatter.o)
    0x08000104   0x08000104   0x0000001a   Code   RO         1342    !!handler_copy      c_p.l(__scatter_copy.o)
    0x0800011e   0x0800011e   0x00000002   PAD
    0x08000120   0x08000120   0x0000001c   Code   RO         1344    !!handler_zi        c_p.l(__scatter_zi.o)
    0x0800013c   0x0800013c   0x00000002   Code   RO         1266    .ARM.Collect$$libinit$$00000000  c_p.l(libinit.o)
    0x0800013e   0x0800013e   0x00000000   Code   RO         1123    .ARM.Collect$$libinit$$00000002  c_p.l(libinit2.o)
    0x0800013e   0x0800013e   0x00000000   Code   RO         1125    .ARM.Collect$$libinit$$00000004  c_p.l(libinit2.o)
    0x0800013e   0x0800013e   0x00000000   Code   RO         1127    .ARM.Collect$$libinit$$00000006  c_p.l(libinit2.o)
    0x0800013e   0x0800013e   0x00000000   Code   RO         1130    .ARM.Collect$$libinit$$0000000C  c_p.l(libinit2.o)
    0x0800013e   0x0800013e   0x00000000   Code   RO         1132    .ARM.Collect$$libinit$$0000000E  c_p.l(libinit2.o)
    0x0800013e   0x0800013e   0x00000000   Code   RO         1134    .ARM.Collect$$libinit$$00000010  c_p.l(libinit2.o)
    0x0800013e   0x0800013e   0x00000000   Code   RO         1137    .ARM.Collect$$libinit$$00000013  c_p.l(libinit2.o)
    0x0800013e   0x0800013e   0x00000000   Code   RO         1139    .ARM.Collect$$libinit$$00000015  c_p.l(libinit2.o)
    0x0800013e   0x0800013e   0x00000000   Code   RO         1141    .ARM.Collect$$libinit$$00000017  c_p.l(libinit2.o)
    0x0800013e   0x0800013e   0x00000000   Code   RO         1143    .ARM.Collect$$libinit$$00000019  c_p.l(libinit2.o)
    0x0800013e   0x0800013e   0x00000000   Code   RO         1145    .ARM.Collect$$libinit$$0000001B  c_p.l(libinit2.o)
    0x0800013e   0x0800013e   0x00000000   Code   RO         1147    .ARM.Collect$$libinit$$0000001D  c_p.l(libinit2.o)
    0x0800013e   0x0800013e   0x00000000   Code   RO         1149    .ARM.Collect$$libinit$$0000001F  c_p.l(libinit2.o)
    0x0800013e   0x0800013e   0x00000000   Code   RO         1151    .ARM.Collect$$libinit$$00000021  c_p.l(libinit2.o)
    0x0800013e   0x0800013e   0x00000000   Code   RO         1153    .ARM.Collect$$libinit$$00000023  c_p.l(libinit2.o)
    0x0800013e   0x0800013e   0x00000000   Code   RO         1155    .ARM.Collect$$libinit$$00000025  c_p.l(libinit2.o)
    0x0800013e   0x0800013e   0x00000000   Code   RO         1157    .ARM.Collect$$libinit$$00000027  c_p.l(libinit2.o)
    0x0800013e   0x0800013e   0x00000000   Code   RO         1161    .ARM.Collect$$libinit$$0000002E  c_p.l(libinit2.o)
    0x0800013e   0x0800013e   0x00000000   Code   RO         1163    .ARM.Collect$$libinit$$00000030  c_p.l(libinit2.o)
    0x0800013e   0x0800013e   0x00000000   Code   RO         1165    .ARM.Collect$$libinit$$00000032  c_p.l(libinit2.o)
    0x0800013e   0x0800013e   0x00000000   Code   RO         1167    .ARM.Collect$$libinit$$00000034  c_p.l(libinit2.o)
    0x0800013e   0x0800013e   0x00000002   Code   RO         1168    .ARM.Collect$$libinit$$00000035  c_p.l(libinit2.o)
    0x08000140   0x08000140   0x00000002   Code   RO         1307    .ARM.Collect$$libshutdown$$00000000  c_p.l(libshutdown.o)
    0x08000142   0x08000142   0x00000000   Code   RO         1323    .ARM.Collect$$libshutdown$$00000002  c_p.l(libshutdown2.o)
    0x08000142   0x08000142   0x00000000   Code   RO         1325    .ARM.Collect$$libshutdown$$00000004  c_p.l(libshutdown2.o)
    0x08000142   0x08000142   0x00000000   Code   RO         1328    .ARM.Collect$$libshutdown$$00000007  c_p.l(libshutdown2.o)
    0x08000142   0x08000142   0x00000000   Code   RO         1331    .ARM.Collect$$libshutdown$$0000000A  c_p.l(libshutdown2.o)
    0x08000142   0x08000142   0x00000000   Code   RO         1333    .ARM.Collect$$libshutdown$$0000000C  c_p.l(libshutdown2.o)
    0x08000142   0x08000142   0x00000000   Code   RO         1336    .ARM.Collect$$libshutdown$$0000000F  c_p.l(libshutdown2.o)
    0x08000142   0x08000142   0x00000002   Code   RO         1337    .ARM.Collect$$libshutdown$$00000010  c_p.l(libshutdown2.o)
    0x08000144   0x08000144   0x00000000   Code   RO         1115    .ARM.Collect$$rtentry$$00000000  c_p.l(__rtentry.o)
    0x08000144   0x08000144   0x00000000   Code   RO         1210    .ARM.Collect$$rtentry$$00000002  c_p.l(__rtentry2.o)
    0x08000144   0x08000144   0x00000006   Code   RO         1222    .ARM.Collect$$rtentry$$00000004  c_p.l(__rtentry4.o)
    0x0800014a   0x0800014a   0x00000000   Code   RO         1212    .ARM.Collect$$rtentry$$00000009  c_p.l(__rtentry2.o)
    0x0800014a   0x0800014a   0x00000004   Code   RO         1213    .ARM.Collect$$rtentry$$0000000A  c_p.l(__rtentry2.o)
    0x0800014e   0x0800014e   0x00000000   Code   RO         1215    .ARM.Collect$$rtentry$$0000000C  c_p.l(__rtentry2.o)
    0x0800014e   0x0800014e   0x00000008   Code   RO         1216    .ARM.Collect$$rtentry$$0000000D  c_p.l(__rtentry2.o)
    0x08000156   0x08000156   0x00000002   Code   RO         1274    .ARM.Collect$$rtexit$$00000000  c_p.l(rtexit.o)
    0x08000158   0x08000158   0x00000000   Code   RO         1291    .ARM.Collect$$rtexit$$00000002  c_p.l(rtexit2.o)
    0x08000158   0x08000158   0x00000004   Code   RO         1292    .ARM.Collect$$rtexit$$00000003  c_p.l(rtexit2.o)
    0x0800015c   0x0800015c   0x00000006   Code   RO         1293    .ARM.Collect$$rtexit$$00000004  c_p.l(rtexit2.o)
    0x08000162   0x08000162   0x00000002   PAD
    0x08000164   0x08000164   0x00000038   Code   RO            4    .text               startup_stm32g030xx.o
    0x0800019c   0x0800019c   0x00000002   Code   RO         1033    .text               c_p.l(use_no_semi_2.o)
    0x0800019e   0x0800019e   0x00000040   Code   RO         1040    .text               c_p.l(rt_memclr.o)
    0x080001de   0x080001de   0x00000006   Code   RO         1050    .text               c_p.l(heapauxi.o)
    0x080001e4   0x080001e4   0x0000007c   Code   RO         1054    .text               fz_ps.l(d2f.o)
    0x08000260   0x08000260   0x00000358   Code   RO         1056    .text               fz_ps.l(daddsub.o)
    0x080005b8   0x080005b8   0x00000448   Code   RO         1070    .text               fz_ps.l(ddiv.o)
    0x08000a00   0x08000a00   0x0000006c   Code   RO         1073    .text               fz_ps.l(dfixi.o)
    0x08000a6c   0x08000a6c   0x00000058   Code   RO         1075    .text               fz_ps.l(dflti.o)
    0x08000ac4   0x08000ac4   0x00000248   Code   RO         1077    .text               fz_ps.l(dmul.o)
    0x08000d0c   0x08000d0c   0x00000054   Code   RO         1079    .text               fz_ps.l(f2d.o)
    0x08000d60   0x08000d60   0x0000004c   Code   RO         1099    .text               fz_ps.l(ffixi.o)
    0x08000dac   0x08000dac   0x0000005e   Code   RO         1101    .text               fz_ps.l(fflti.o)
    0x08000e0a   0x08000e0a   0x00000002   Code   RO         1113    .text               c_p.l(use_no_semi.o)
    0x08000e0c   0x08000e0c   0x00000016   Code   RO         1120    .text               c_p.l(_rserrno.o)
    0x08000e22   0x08000e22   0x00000002   PAD
    0x08000e24   0x08000e24   0x00000008   Code   RO         1229    .text               c_p.l(rt_errno_addr_intlibspace.o)
    0x08000e2c   0x08000e2c   0x000000a0   Code   RO         1233    .text               fz_ps.l(dcmpin.o)
    0x08000ecc   0x08000ecc   0x00000060   Code   RO         1235    .text               fz_ps.l(dscalbn.o)
    0x08000f2c   0x08000f2c   0x00000064   Code   RO         1237    .text               fz_ps.l(fcmpin.o)
    0x08000f90   0x08000f90   0x00000008   Code   RO         1245    .text               c_p.l(libspace.o)
    0x08000f98   0x08000f98   0x0000003e   Code   RO         1248    .text               c_p.l(sys_stackheap_outer.o)
    0x08000fd6   0x08000fd6   0x00000010   Code   RO         1251    .text               c_p.l(exit.o)
    0x08000fe6   0x08000fe6   0x0000002e   Code   RO         1267    .text               fz_ps.l(cmpret.o)
    0x08001014   0x08001014   0x00000014   Code   RO         1269    .text               fz_ps.l(dnan2.o)
    0x08001028   0x08001028   0x00000010   Code   RO         1271    .text               fz_ps.l(fnan2.o)
    0x08001038   0x08001038   0x0000005e   Code   RO         1288    .text               fz_ps.l(retnan.o)
    0x08001096   0x08001096   0x00000192   Code   RO         1021    .text.Demo_01       screen.o
    0x08001228   0x08001228   0x00000008   Code   RO           15    .text.Error_Handler  main.o
    0x08001230   0x08001230   0x000001a4   Code   RO          393    .text.HAL_GPIO_Init  stm32g0xx_hal_gpio.o
    0x080013d4   0x080013d4   0x00000010   Code   RO          399    .text.HAL_GPIO_WritePin  stm32g0xx_hal_gpio.o
    0x080013e4   0x080013e4   0x0000000c   Code   RO          592    .text.HAL_GetTick   stm32g0xx_hal.o
    0x080013f0   0x080013f0   0x00000042   Code   RO          257    .text.HAL_I2CEx_ConfigAnalogFilter  stm32g0xx_hal_i2c_ex.o
    0x08001432   0x08001432   0x00000042   Code   RO          259    .text.HAL_I2CEx_ConfigDigitalFilter  stm32g0xx_hal_i2c_ex.o
    0x08001474   0x08001474   0x000000a8   Code   RO          105    .text.HAL_I2C_Init  stm32g0xx_hal_i2c.o
    0x0800151c   0x0800151c   0x0000029c   Code   RO          163    .text.HAL_I2C_Mem_Write  stm32g0xx_hal_i2c.o
    0x080017b8   0x080017b8   0x0000007c   Code   RO           35    .text.HAL_I2C_MspInit  i2c.o
    0x08001834   0x08001834   0x00000014   Code   RO          590    .text.HAL_IncTick   stm32g0xx_hal.o
    0x08001848   0x08001848   0x0000002c   Code   RO          580    .text.HAL_Init      stm32g0xx_hal.o
    0x08001874   0x08001874   0x00000044   Code   RO          582    .text.HAL_InitTick  stm32g0xx_hal.o
    0x080018b8   0x080018b8   0x0000002c   Code   RO           80    .text.HAL_MspInit   stm32g0xx_hal_msp.o
    0x080018e4   0x080018e4   0x00000038   Code   RO          542    .text.HAL_NVIC_SetPriority  stm32g0xx_hal_cortex.o
    0x0800191c   0x0800191c   0x00000080   Code   RO          528    .text.HAL_PWREx_ControlVoltageScaling  stm32g0xx_hal_pwr_ex.o
    0x0800199c   0x0800199c   0x0000017c   Code   RO          317    .text.HAL_RCCEx_PeriphCLKConfig  stm32g0xx_hal_rcc_ex.o
    0x08001b18   0x08001b18   0x000001fc   Code   RO          281    .text.HAL_RCC_ClockConfig  stm32g0xx_hal_rcc.o
    0x08001d14   0x08001d14   0x00000024   Code   RO          289    .text.HAL_RCC_GetPCLK1Freq  stm32g0xx_hal_rcc.o
    0x08001d38   0x08001d38   0x00000088   Code   RO          283    .text.HAL_RCC_GetSysClockFreq  stm32g0xx_hal_rcc.o
    0x08001dc0   0x08001dc0   0x0000041c   Code   RO          279    .text.HAL_RCC_OscConfig  stm32g0xx_hal_rcc.o
    0x080021dc   0x080021dc   0x00000034   Code   RO          550    .text.HAL_SYSTICK_Config  stm32g0xx_hal_cortex.o
    0x08002210   0x08002210   0x000000d0   Code   RO          676    .text.HAL_UART_Init  stm32g0xx_hal_uart.o
    0x080022e0   0x080022e0   0x00000050   Code   RO           50    .text.HAL_UART_MspInit  usart.o
    0x08002330   0x08002330   0x00000002   Code   RO           65    .text.HardFault_Handler  stm32g0xx_it.o
    0x08002332   0x08002332   0x00000002   PAD
    0x08002334   0x08002334   0x00000180   Code   RO          247    .text.I2C_IsErrorOccurred  stm32g0xx_hal_i2c.o
    0x080024b4   0x080024b4   0x00000068   Code   RO          119    .text.I2C_WaitOnSTOPFlagUntilTimeout  stm32g0xx_hal_i2c.o
    0x0800251c   0x0800251c   0x00000092   Code   RO          117    .text.I2C_WaitOnTXISFlagUntilTimeout  stm32g0xx_hal_i2c.o
    0x080025ae   0x080025ae   0x00000002   PAD
    0x080025b0   0x080025b0   0x00000054   Code   RO           25    .text.MX_GPIO_Init  gpio.o
    0x08002604   0x08002604   0x00000058   Code   RO           33    .text.MX_I2C1_Init  i2c.o
    0x0800265c   0x0800265c   0x0000003c   Code   RO           48    .text.MX_USART2_UART_Init  usart.o
    0x08002698   0x08002698   0x00000002   Code   RO           63    .text.NMI_Handler   stm32g0xx_it.o
    0x0800269a   0x0800269a   0x00000170   Code   RO          915    .text.OLED_DrawCube_Intelligent_Overflow  oled.o
    0x0800280a   0x0800280a   0x00000002   PAD
    0x0800280c   0x0800280c   0x00000228   Code   RO          953    .text.OLED_DrawEllipse_Rotate  oled.o
    0x08002a34   0x08002a34   0x000003a0   Code   RO          907    .text.OLED_DrawLine  oled.o
    0x08002dd4   0x08002dd4   0x00000268   Code   RO          931    .text.OLED_Draw_4_Pixels_Rotate  oled.o
    0x0800303c   0x0800303c   0x00000120   Code   RO          935    .text.OLED_Draw_4_Pixels_Spread_Out_From_Center  oled.o
    0x0800315c   0x0800315c   0x0000044c   Code   RO          941    .text.OLED_Draw_8_Pixels_Rotate  oled.o
    0x080035a8   0x080035a8   0x00000264   Code   RO          919    .text.OLED_Draw_8_Pixels_Spread_Out_From_Center  oled.o
    0x0800380c   0x0800380c   0x0000011a   Code   RO          917    .text.OLED_Draw_Rounded_Cube  oled.o
    0x08003926   0x08003926   0x000001a8   Code   RO          921    .text.OLED_Draw_Rounded_Cube_Erasure_Method  oled.o
    0x08003ace   0x08003ace   0x0000018e   Code   RO          923    .text.OLED_Draw_Rounded_Cube_Fillet_Overflow  oled.o
    0x08003c5c   0x08003c5c   0x00000228   Code   RO          957    .text.OLED_Draw_Two_Vertical_Ellipses_Rotate  oled.o
    0x08003e84   0x08003e84   0x000002d0   Code   RO          971    .text.OLED_Init     oled.o
    0x08004154   0x08004154   0x0000007c   Code   RO          895    .text.OLED_Refresh_Gram  oled.o
    0x080041d0   0x080041d0   0x00000500   Code   RO         1001    .text.OLED_Show_Cube_Catched_by_Elliipse  screen.o
    0x080046d0   0x080046d0   0x00000188   Code   RO          995    .text.OLED_Show_Cube_to_Circle  screen.o
    0x08004858   0x08004858   0x000000bc   Code   RO          997    .text.OLED_Show_Cube_to_LikeCircle  screen.o
    0x08004914   0x08004914   0x000000c6   Code   RO         1003    .text.OLED_Show_DNA  screen.o
    0x080049da   0x080049da   0x00000188   Code   RO         1005    .text.OLED_Show_Sliding_Door  screen.o
    0x08004b62   0x08004b62   0x00000002   Code   RO           69    .text.PendSV_Handler  stm32g0xx_it.o
    0x08004b64   0x08004b64   0x00000002   Code   RO           67    .text.SVC_Handler   stm32g0xx_it.o
    0x08004b66   0x08004b66   0x00000008   Code   RO           71    .text.SysTick_Handler  stm32g0xx_it.o
    0x08004b6e   0x08004b6e   0x00000002   Code   RO          860    .text.SystemInit    system_stm32g0xx.o
    0x08004b70   0x08004b70   0x000000d2   Code   RO          682    .text.UART_AdvFeatureConfig  stm32g0xx_hal_uart.o
    0x08004c42   0x08004c42   0x00000002   PAD
    0x08004c44   0x08004c44   0x0000016c   Code   RO          680    .text.UART_SetConfig  stm32g0xx_hal_uart.o
    0x08004db0   0x08004db0   0x00000138   Code   RO          698    .text.UART_WaitOnFlagUntilTimeout  stm32g0xx_hal_uart.o
    0x08004ee8   0x08004ee8   0x00000002   Code   RO           90    .text._sys_exit     print.o
    0x08004eea   0x08004eea   0x00000082   Code   RO           11    .text.main          main.o
    0x08004f6c   0x08004f6c   0x000001f6   Code   RO         1043    .text_divfast       c_p.l(aeabi_sdivfast.o)
    0x08005162   0x08005162   0x00000032   Code   RO         1204    i.__ARM_common_ll_muluu  m_ps.l(rred.o)
    0x08005194   0x08005194   0x0000002c   Code   RO         1241    i.__ARM_fpclassify  m_ps.l(fpclassify.o)
    0x080051c0   0x080051c0   0x0000039c   Code   RO         1199    i.__ieee754_rem_pio2  m_ps.l(rred.o)
    0x0800555c   0x0800555c   0x000000f4   Code   RO         1182    i.__kernel_cos      m_ps.l(cos_i.o)
    0x08005650   0x08005650   0x000000ac   Code   RO         1243    i.__kernel_poly     m_ps.l(poly.o)
    0x080056fc   0x080056fc   0x000000ec   Code   RO         1206    i.__kernel_sin      m_ps.l(sin_i.o)
    0x080057e8   0x080057e8   0x0000000a   Code   RO         1186    i.__mathlib_dbl_infnan  m_ps.l(dunder.o)
    0x080057f2   0x080057f2   0x00000010   Code   RO         1188    i.__mathlib_dbl_invalid  m_ps.l(dunder.o)
    0x08005802   0x08005802   0x00000002   PAD
    0x08005804   0x08005804   0x00000014   Code   RO         1191    i.__mathlib_dbl_underflow  m_ps.l(dunder.o)
    0x08005818   0x08005818   0x00000016   Code   RO         1060    i._dgr              fz_ps.l(dcmp.o)
    0x0800582e   0x0800582e   0x0000001a   Code   RO         1061    i._dleq             fz_ps.l(dcmp.o)
    0x08005848   0x08005848   0x00000016   Code   RO         1089    i._fgr              fz_ps.l(fcmp.o)
    0x0800585e   0x0800585e   0x0000001a   Code   RO         1090    i._fleq             fz_ps.l(fcmp.o)
    0x08005878   0x08005878   0x00000098   Code   RO         1106    i.cos               m_ps.l(cos.o)
    0x08005910   0x08005910   0x0000009c   Code   RO         1110    i.sin               m_ps.l(sin.o)
    0x080059ac   0x080059ac   0x00000064   Code   RO         1171    x$fpl$dgeqf         fz_ps.l(dgef.o)
    0x08005a10   0x08005a10   0x00000064   Code   RO         1173    x$fpl$dleqf         fz_ps.l(dlef.o)
    0x08005a74   0x08005a74   0x0000008c   Code   RO         1081    x$fpl$fadd          fz_ps.l(faddsub.o)
    0x08005b00   0x08005b00   0x00000054   Code   RO         1177    x$fpl$fgeqf         fz_ps.l(fgef.o)
    0x08005b54   0x08005b54   0x00000054   Code   RO         1179    x$fpl$fleqf         fz_ps.l(flef.o)
    0x08005ba8   0x08005ba8   0x000000b0   Code   RO         1103    x$fpl$fmul          fz_ps.l(fmul.o)
    0x08005c58   0x08005c58   0x000000d0   Code   RO         1083    x$fpl$fsub          fz_ps.l(faddsub.o)
    0x08005d28   0x08005d28   0x00000000   Code   RO         1181    x$fpl$usenofp       fz_ps.l(usenofp.o)
    0x08005d28   0x08005d28   0x00000080   Data   RO         1071    .constdata          fz_ps.l(ddiv.o)
    0x08005da8   0x08005da8   0x00000030   Data   RO         1183    .constdata          m_ps.l(cos_i.o)
    0x08005dd8   0x08005dd8   0x000000cc   Data   RO         1201    .constdata          m_ps.l(rred.o)
    0x08005ea4   0x08005ea4   0x00000004   PAD
    0x08005ea8   0x08005ea8   0x00000028   Data   RO         1207    .constdata          m_ps.l(sin_i.o)
    0x08005ed0   0x08005ed0   0x00000040   Data   RO          865    .rodata.AHBPrescTable  system_stm32g0xx.o
    0x08005f10   0x08005f10   0x00000020   Data   RO          866    .rodata.APBPrescTable  system_stm32g0xx.o
    0x08005f30   0x08005f30   0x00000018   Data   RO          810    .rodata.UARTPrescTable  stm32g0xx_hal_uart.o
    0x08005f48   0x08005f48   0x00000020   Data   RO         1339    Region$$Table       anon$$obj.o


    Execution Region RW_IRAM1 (Exec base: 0x20000000, Load base: 0x08005f68, Size: 0x00000b68, Max: 0x00002000, ABSOLUTE)

    Exec Addr    Load Addr    Size         Type   Attr      Idx    E Section Name        Object

    0x20000000   0x08005f68   0x00000004   Data   RW           17    .ARM.use_no_argv    main.o
    0x20000004   0x08005f6c   0x00000008   Data   RW          639    .data..L_MergedGlobals  stm32g0xx_hal.o
    0x2000000c   0x08005f74   0x00000004   Data   RW          864    .data.SystemCoreClock  system_stm32g0xx.o
    0x20000010   0x08005f78   0x00000004   Data   RW          977    .data.dev_oled      oled.o
    0x20000014   0x08005f7c   0x00000004   PAD
    0x20000018        -       0x00000060   Zero   RW         1246    .bss                c_p.l(libspace.o)
    0x20000078        -       0x00000400   Zero   RW          978    .bss.OLED_GRAM      oled.o
    0x20000478        -       0x00000054   Zero   RW           39    .bss.hi2c1          i2c.o
    0x200004cc        -       0x00000094   Zero   RW           54    .bss.huart2         usart.o
    0x20000560        -       0x00000004   Zero   RW          638    .bss.uwTick         stm32g0xx_hal.o
    0x20000564   0x08005f7c   0x00000004   PAD
    0x20000568        -       0x00000200   Zero   RW            2    HEAP                startup_stm32g030xx.o
    0x20000768        -       0x00000400   Zero   RW            1    STACK               startup_stm32g030xx.o


==============================================================================

Image component sizes


      Code (inc. data)   RO Data    RW Data    ZI Data      Debug   Object Name

        84          8          0          0          0       1963   gpio.o
       212         24          0          0         84       5765   i2c.o
       138          0          0          4          0       1980   main.o
      6964         84          0          4       1024      56738   oled.o
         2          0          0          0          0       4787   print.o
      2852         16          0          0          0      15653   screen.o
        56         26        192          0       1536        668   startup_stm32g030xx.o
       144         16          0          8          4       6696   stm32g0xx_hal.o
       108         20          0          0          0       6592   stm32g0xx_hal_cortex.o
       436         20          0          0          0       4840   stm32g0xx_hal_gpio.o
      1470         36          0          0          0      67818   stm32g0xx_hal_i2c.o
       132          0          0          0          0       6062   stm32g0xx_hal_i2c_ex.o
        44          4          0          0          0       1302   stm32g0xx_hal_msp.o
       128         12          0          0          0       5143   stm32g0xx_hal_pwr_ex.o
      1732         88          0          0          0       9213   stm32g0xx_hal_rcc.o
       380         16          0          0          0       6149   stm32g0xx_hal_rcc_ex.o
      1094         76         24          0          0      48051   stm32g0xx_hal_uart.o
        16          0          0          0          0        752   stm32g0xx_it.o
         2          0         96          4          0       2002   system_stm32g0xx.o
       140          8          0          0        148       5521   usart.o

    ----------------------------------------------------------------------
     16142        454        344         20       2804     257695   Object Totals
         0          0         32          0          0          0   (incl. Generated)
         8          0          0          0          8          0   (incl. Padding)

    ----------------------------------------------------------------------

      Code (inc. data)   RO Data    RW Data    ZI Data      Debug   Library Member Name

         8          0          0          0          0         68   __main.o
         0          0          0          0          0          0   __rtentry.o
        12          0          0          0          0          0   __rtentry2.o
         6          0          0          0          0          0   __rtentry4.o
        60          8          0          0          0          0   __scatter.o
        26          0          0          0          0          0   __scatter_copy.o
        28          0          0          0          0          0   __scatter_zi.o
        22          0          0          0          0         92   _rserrno.o
       502          0          0          0          0         92   aeabi_sdivfast.o
        16          0          0          0          0         68   exit.o
         6          0          0          0          0        136   heapauxi.o
         2          0          0          0          0          0   libinit.o
         2          0          0          0          0          0   libinit2.o
         2          0          0          0          0          0   libshutdown.o
         2          0          0          0          0          0   libshutdown2.o
         8          4          0          0         96         68   libspace.o
         8          4          0          0          0         68   rt_errno_addr_intlibspace.o
        64          0          0          0          0        108   rt_memclr.o
         2          0          0          0          0          0   rtexit.o
        10          0          0          0          0          0   rtexit2.o
        62          0          0          0          0         80   sys_stackheap_outer.o
         2          0          0          0          0         68   use_no_semi.o
         2          0          0          0          0         68   use_no_semi_2.o
        46          0          0          0          0         60   cmpret.o
       124          4          0          0          0         72   d2f.o
       856         20          0          0          0        208   daddsub.o
        48          0          0          0          0        136   dcmp.o
       160          6          0          0          0         76   dcmpin.o
      1096         26        128          0          0        112   ddiv.o
       108         10          0          0          0         72   dfixi.o
        88          0          0          0          0         92   dflti.o
       100          4          0          0          0         92   dgef.o
       100          4          0          0          0         92   dlef.o
       584         26          0          0          0         84   dmul.o
        20          6          0          0          0         68   dnan2.o
        96         12          0          0          0         72   dscalbn.o
        84          4          0          0          0         60   f2d.o
       348          8          0          0          0        160   faddsub.o
        48          0          0          0          0        136   fcmp.o
       100          4          0          0          0         68   fcmpin.o
        76          0          0          0          0         68   ffixi.o
        94          0          0          0          0         92   fflti.o
        84          4          0          0          0         76   fgef.o
        84          4          0          0          0         76   flef.o
       176          4          0          0          0         80   fmul.o
        16          6          0          0          0         68   fnan2.o
        94          0          0          0          0         68   retnan.o
         0          0          0          0          0          0   usenofp.o
       152         10          0          0          0        104   cos.o
       244         20         48          0          0         92   cos_i.o
        46          6          0          0          0        204   dunder.o
        44          4          0          0          0         60   fpclassify.o
       172          0          0          0          0         76   poly.o
       974         86        204          0          0        200   rred.o
       156         10          0          0          0        104   sin.o
       236         14         40          0          0        100   sin_i.o

    ----------------------------------------------------------------------
      7514        318        424          0         96       4044   Library Totals
         8          0          4          0          0          0   (incl. Padding)

    ----------------------------------------------------------------------

      Code (inc. data)   RO Data    RW Data    ZI Data      Debug   Library Name

       852         16          0          0         96        916   c_p.l
      4630        152        128          0          0       2188   fz_ps.l
      2024        150        292          0          0        940   m_ps.l

    ----------------------------------------------------------------------
      7514        318        424          0         96       4044   Library Totals

    ----------------------------------------------------------------------

==============================================================================


      Code (inc. data)   RO Data    RW Data    ZI Data      Debug   

     23656        772        768         20       2900     259359   Grand Totals
     23656        772        768         20       2900     259359   ELF Image Totals
     23656        772        768         20          0          0   ROM Totals

==============================================================================

    Total RO  Size (Code + RO Data)                24424 (  23.85kB)
    Total RW  Size (RW Data + ZI Data)              2920 (   2.85kB)
    Total ROM Size (Code + RO Data + RW Data)      24444 (  23.87kB)

==============================================================================

